============================= test session starts =============================
platform win32 -- Python 3.14.0, pytest-7.4.4, pluggy-1.6.0 -- C:\Python314\python.exe
cachedir: .pytest_cache
rootdir: C:\Users\sanat\Documents\PAI\uni-wellbeing-api
configfile: pytest.ini
testpaths: tests
plugins: anyio-4.11.0, flask-1.3.0
collecting ... collected 33 items

tests/test_assignments.py::TestCreateAssignment::test_create_assignment_success FAILED [  3%]
tests/test_assignments.py::TestCreateAssignment::test_create_assignment_missing_fields FAILED [  6%]
tests/test_assignments.py::TestCreateAssignment::test_create_assignment_invalid_module PASSED [  9%]
tests/test_assignments.py::TestUpdateAssignment::test_update_assignment_success ERROR [ 12%]
tests/test_assignments.py::TestUpdateAssignment::test_update_assignment_not_found PASSED [ 15%]
tests/test_assignments.py::TestDeleteAssignment::test_delete_assignment_success ERROR [ 18%]
tests/test_assignments.py::TestDeleteAssignment::test_delete_assignment_not_found PASSED [ 21%]
tests/test_assignments.py::TestDeleteAssignment::test_delete_assignment_verify_deletion ERROR [ 24%]
tests/test_courses.py::TestCoursesEndpoint::test_get_all_courses_success ERROR [ 27%]
tests/test_courses.py::TestCoursesEndpoint::test_get_courses_json_structure ERROR [ 30%]
tests/test_courses.py::TestCoursesEndpoint::test_get_courses_data_types ERROR [ 33%]
tests/test_courses.py::TestCoursesEndpoint::test_get_courses_empty_database PASSED [ 36%]
tests/test_courses.py::TestCourseModulesEndpoint::test_get_course_modules_success ERROR [ 39%]
tests/test_courses.py::TestCourseModulesEndpoint::test_get_course_modules_json_structure ERROR [ 42%]
tests/test_courses.py::TestCourseModulesEndpoint::test_get_course_modules_invalid_course PASSED [ 45%]
tests/test_courses.py::TestCourseModulesEndpoint::test_get_course_modules_filters_by_course ERROR [ 48%]
tests/test_courses.py::TestModuleAssignmentsEndpoint::test_get_module_assignments_success ERROR [ 51%]
tests/test_courses.py::TestModuleAssignmentsEndpoint::test_get_module_assignments_json_structure ERROR [ 54%]
tests/test_courses.py::TestModuleAssignmentsEndpoint::test_get_module_assignments_data_types ERROR [ 57%]
tests/test_courses.py::TestModuleAssignmentsEndpoint::test_get_module_assignments_invalid_module PASSED [ 60%]
tests/test_courses.py::TestModuleAssignmentsEndpoint::test_get_module_assignments_filters_by_module ERROR [ 63%]
tests/test_surveys.py::TestWeeklySurveysEndpoint::test_get_all_surveys_success ERROR [ 66%]
tests/test_surveys.py::TestWeeklySurveysEndpoint::test_get_surveys_json_structure ERROR [ 69%]
tests/test_surveys.py::TestWeeklySurveysEndpoint::test_get_surveys_data_types ERROR [ 72%]
tests/test_surveys.py::TestWeeklySurveysEndpoint::test_get_surveys_stress_level_validation ERROR [ 75%]
tests/test_surveys.py::TestWeeklySurveysEndpoint::test_get_surveys_social_score_validation ERROR [ 78%]
tests/test_surveys.py::TestWeeklySurveysEndpoint::test_get_surveys_empty_database PASSED [ 81%]
tests/test_surveys.py::TestWeeklySurveysEndpoint::test_get_surveys_returns_correct_count ERROR [ 84%]
tests/test_surveys.py::TestSurveyDataIntegrity::test_survey_has_valid_registration_id ERROR [ 87%]
tests/test_surveys.py::TestSurveyDataIntegrity::test_survey_week_number_positive ERROR [ 90%]
tests/test_surveys.py::TestSurveyDataIntegrity::test_survey_sleep_hours_reasonable ERROR [ 93%]
tests/test_surveys.py::TestFlaskAppHealth::test_root_endpoint PASSED     [ 96%]
tests/test_surveys.py::TestFlaskAppHealth::test_health_endpoint PASSED   [100%]

=================================== ERRORS ====================================
____ ERROR at setup of TestUpdateAssignment.test_update_assignment_success ____
..\..\..\AppData\Roaming\Python\Python314\site-packages\sqlalchemy\engine\base.py:1815: in _execute_context
    context = constructor(
..\..\..\AppData\Roaming\Python\Python314\site-packages\sqlalchemy\engine\default.py:1493: in _init_compiled
    flattened_processors[key](compiled_params[key])
..\..\..\AppData\Roaming\Python\Python314\site-packages\sqlalchemy\dialects\sqlite\base.py:1287: in process
    raise TypeError(
E   TypeError: SQLite Date type only accepts Python date objects as input.

The above exception was the direct cause of the following exception:
tests\conftest.py:75: in sample_survey_data
    db.session.commit()
..\..\..\AppData\Roaming\Python\Python314\site-packages\sqlalchemy\orm\scoping.py:597: in commit
    return self._proxied.commit()
..\..\..\AppData\Roaming\Python\Python314\site-packages\sqlalchemy\orm\session.py:2030: in commit
    trans.commit(_to_root=True)
..\..\..\AppData\Roaming\Python\Python314\site-packages\sqlalchemy\orm\state_changes.py:137: in _go
    ret_value = fn(self, *arg, **kw)
..\..\..\AppData\Roaming\Python\Python314\site-packages\sqlalchemy\orm\session.py:1311: in commit
    self._prepare_impl()
..\..\..\AppData\Roaming\Python\Python314\site-packages\sqlalchemy\orm\state_changes.py:137: in _go
    ret_value = fn(self, *arg, **kw)
..\..\..\AppData\Roaming\Python\Python314\site-packages\sqlalchemy\orm\session.py:1286: in _prepare_impl
    self.session.flush()
..\..\..\AppData\Roaming\Python\Python314\site-packages\sqlalchemy\orm\session.py:4331: in flush
    self._flush(objects)
..\..\..\AppData\Roaming\Python\Python314\site-packages\sqlalchemy\orm\session.py:4466: in _flush
    with util.safe_reraise():
..\..\..\AppData\Roaming\Python\Python314\site-packages\sqlalchemy\util\langhelpers.py:224: in __exit__
    raise exc_value.with_traceback(exc_tb)
..\..\..\AppData\Roaming\Python\Python314\site-packages\sqlalchemy\orm\session.py:4427: in _flush
    flush_context.execute()
..\..\..\AppData\Roaming\Python\Python314\site-packages\sqlalchemy\orm\unitofwork.py:466: in execute
    rec.execute(self)
..\..\..\AppData\Roaming\Python\Python314\site-packages\sqlalchemy\orm\unitofwork.py:642: in execute
    util.preloaded.orm_persistence.save_obj(
..\..\..\AppData\Roaming\Python\Python314\site-packages\sqlalchemy\orm\persistence.py:93: in save_obj
    _emit_insert_statements(
..\..\..\AppData\Roaming\Python\Python314\site-packages\sqlalchemy\orm\persistence.py:1233: in _emit_insert_statements
    result = connection.execute(
..\..\..\AppData\Roaming\Python\Python314\site-packages\sqlalchemy\engine\base.py:1419: in execute
    return meth(
..\..\..\AppData\Roaming\Python\Python314\site-packages\sqlalchemy\sql\elements.py:526: in _execute_on_connection
    return connection._execute_clauseelement(
..\..\..\AppData\Roaming\Python\Python314\site-packages\sqlalchemy\engine\base.py:1641: in _execute_clauseelement
    ret = self._execute_context(
..\..\..\AppData\Roaming\Python\Python314\site-packages\sqlalchemy\engine\base.py:1821: in _execute_context
    self._handle_dbapi_exception(
..\..\..\AppData\Roaming\Python\Python314\site-packages\sqlalchemy\engine\base.py:2355: in _handle_dbapi_exception
    raise sqlalchemy_exception.with_traceback(exc_info[2]) from e
..\..\..\AppData\Roaming\Python\Python314\site-packages\sqlalchemy\engine\base.py:1815: in _execute_context
    context = constructor(
..\..\..\AppData\Roaming\Python\Python314\site-packages\sqlalchemy\engine\default.py:1493: in _init_compiled
    flattened_processors[key](compiled_params[key])
..\..\..\AppData\Roaming\Python\Python314\site-packages\sqlalchemy\dialects\sqlite\base.py:1287: in process
    raise TypeError(
E   sqlalchemy.exc.StatementError: (builtins.TypeError) SQLite Date type only accepts Python date objects as input.
E   [SQL: INSERT INTO module_registrations (student_id, module_id, status, start_date) VALUES (?, ?, ?, ?)]
E   [parameters: [{'module_id': 'M001', 'status': 'Active', 'student_id': 'S001', 'start_date': '2025-01-10'}]]
____ ERROR at setup of TestDeleteAssignment.test_delete_assignment_success ____
..\..\..\AppData\Roaming\Python\Python314\site-packages\sqlalchemy\engine\base.py:1815: in _execute_context
    context = constructor(
..\..\..\AppData\Roaming\Python\Python314\site-packages\sqlalchemy\engine\default.py:1493: in _init_compiled
    flattened_processors[key](compiled_params[key])
..\..\..\AppData\Roaming\Python\Python314\site-packages\sqlalchemy\dialects\sqlite\base.py:1287: in process
    raise TypeError(
E   TypeError: SQLite Date type only accepts Python date objects as input.

The above exception was the direct cause of the following exception:
tests\conftest.py:75: in sample_survey_data
    db.session.commit()
..\..\..\AppData\Roaming\Python\Python314\site-packages\sqlalchemy\orm\scoping.py:597: in commit
    return self._proxied.commit()
..\..\..\AppData\Roaming\Python\Python314\site-packages\sqlalchemy\orm\session.py:2030: in commit
    trans.commit(_to_root=True)
..\..\..\AppData\Roaming\Python\Python314\site-packages\sqlalchemy\orm\state_changes.py:137: in _go
    ret_value = fn(self, *arg, **kw)
..\..\..\AppData\Roaming\Python\Python314\site-packages\sqlalchemy\orm\session.py:1311: in commit
    self._prepare_impl()
..\..\..\AppData\Roaming\Python\Python314\site-packages\sqlalchemy\orm\state_changes.py:137: in _go
    ret_value = fn(self, *arg, **kw)
..\..\..\AppData\Roaming\Python\Python314\site-packages\sqlalchemy\orm\session.py:1286: in _prepare_impl
    self.session.flush()
..\..\..\AppData\Roaming\Python\Python314\site-packages\sqlalchemy\orm\session.py:4331: in flush
    self._flush(objects)
..\..\..\AppData\Roaming\Python\Python314\site-packages\sqlalchemy\orm\session.py:4466: in _flush
    with util.safe_reraise():
..\..\..\AppData\Roaming\Python\Python314\site-packages\sqlalchemy\util\langhelpers.py:224: in __exit__
    raise exc_value.with_traceback(exc_tb)
..\..\..\AppData\Roaming\Python\Python314\site-packages\sqlalchemy\orm\session.py:4427: in _flush
    flush_context.execute()
..\..\..\AppData\Roaming\Python\Python314\site-packages\sqlalchemy\orm\unitofwork.py:466: in execute
    rec.execute(self)
..\..\..\AppData\Roaming\Python\Python314\site-packages\sqlalchemy\orm\unitofwork.py:642: in execute
    util.preloaded.orm_persistence.save_obj(
..\..\..\AppData\Roaming\Python\Python314\site-packages\sqlalchemy\orm\persistence.py:93: in save_obj
    _emit_insert_statements(
..\..\..\AppData\Roaming\Python\Python314\site-packages\sqlalchemy\orm\persistence.py:1233: in _emit_insert_statements
    result = connection.execute(
..\..\..\AppData\Roaming\Python\Python314\site-packages\sqlalchemy\engine\base.py:1419: in execute
    return meth(
..\..\..\AppData\Roaming\Python\Python314\site-packages\sqlalchemy\sql\elements.py:526: in _execute_on_connection
    return connection._execute_clauseelement(
..\..\..\AppData\Roaming\Python\Python314\site-packages\sqlalchemy\engine\base.py:1641: in _execute_clauseelement
    ret = self._execute_context(
..\..\..\AppData\Roaming\Python\Python314\site-packages\sqlalchemy\engine\base.py:1821: in _execute_context
    self._handle_dbapi_exception(
..\..\..\AppData\Roaming\Python\Python314\site-packages\sqlalchemy\engine\base.py:2355: in _handle_dbapi_exception
    raise sqlalchemy_exception.with_traceback(exc_info[2]) from e
..\..\..\AppData\Roaming\Python\Python314\site-packages\sqlalchemy\engine\base.py:1815: in _execute_context
    context = constructor(
..\..\..\AppData\Roaming\Python\Python314\site-packages\sqlalchemy\engine\default.py:1493: in _init_compiled
    flattened_processors[key](compiled_params[key])
..\..\..\AppData\Roaming\Python\Python314\site-packages\sqlalchemy\dialects\sqlite\base.py:1287: in process
    raise TypeError(
E   sqlalchemy.exc.StatementError: (builtins.TypeError) SQLite Date type only accepts Python date objects as input.
E   [SQL: INSERT INTO module_registrations (student_id, module_id, status, start_date) VALUES (?, ?, ?, ?)]
E   [parameters: [{'module_id': 'M001', 'status': 'Active', 'student_id': 'S001', 'start_date': '2025-01-10'}]]
_ ERROR at setup of TestDeleteAssignment.test_delete_assignment_verify_deletion _
..\..\..\AppData\Roaming\Python\Python314\site-packages\sqlalchemy\engine\base.py:1815: in _execute_context
    context = constructor(
..\..\..\AppData\Roaming\Python\Python314\site-packages\sqlalchemy\engine\default.py:1493: in _init_compiled
    flattened_processors[key](compiled_params[key])
..\..\..\AppData\Roaming\Python\Python314\site-packages\sqlalchemy\dialects\sqlite\base.py:1287: in process
    raise TypeError(
E   TypeError: SQLite Date type only accepts Python date objects as input.

The above exception was the direct cause of the following exception:
tests\conftest.py:75: in sample_survey_data
    db.session.commit()
..\..\..\AppData\Roaming\Python\Python314\site-packages\sqlalchemy\orm\scoping.py:597: in commit
    return self._proxied.commit()
..\..\..\AppData\Roaming\Python\Python314\site-packages\sqlalchemy\orm\session.py:2030: in commit
    trans.commit(_to_root=True)
..\..\..\AppData\Roaming\Python\Python314\site-packages\sqlalchemy\orm\state_changes.py:137: in _go
    ret_value = fn(self, *arg, **kw)
..\..\..\AppData\Roaming\Python\Python314\site-packages\sqlalchemy\orm\session.py:1311: in commit
    self._prepare_impl()
..\..\..\AppData\Roaming\Python\Python314\site-packages\sqlalchemy\orm\state_changes.py:137: in _go
    ret_value = fn(self, *arg, **kw)
..\..\..\AppData\Roaming\Python\Python314\site-packages\sqlalchemy\orm\session.py:1286: in _prepare_impl
    self.session.flush()
..\..\..\AppData\Roaming\Python\Python314\site-packages\sqlalchemy\orm\session.py:4331: in flush
    self._flush(objects)
..\..\..\AppData\Roaming\Python\Python314\site-packages\sqlalchemy\orm\session.py:4466: in _flush
    with util.safe_reraise():
..\..\..\AppData\Roaming\Python\Python314\site-packages\sqlalchemy\util\langhelpers.py:224: in __exit__
    raise exc_value.with_traceback(exc_tb)
..\..\..\AppData\Roaming\Python\Python314\site-packages\sqlalchemy\orm\session.py:4427: in _flush
    flush_context.execute()
..\..\..\AppData\Roaming\Python\Python314\site-packages\sqlalchemy\orm\unitofwork.py:466: in execute
    rec.execute(self)
..\..\..\AppData\Roaming\Python\Python314\site-packages\sqlalchemy\orm\unitofwork.py:642: in execute
    util.preloaded.orm_persistence.save_obj(
..\..\..\AppData\Roaming\Python\Python314\site-packages\sqlalchemy\orm\persistence.py:93: in save_obj
    _emit_insert_statements(
..\..\..\AppData\Roaming\Python\Python314\site-packages\sqlalchemy\orm\persistence.py:1233: in _emit_insert_statements
    result = connection.execute(
..\..\..\AppData\Roaming\Python\Python314\site-packages\sqlalchemy\engine\base.py:1419: in execute
    return meth(
..\..\..\AppData\Roaming\Python\Python314\site-packages\sqlalchemy\sql\elements.py:526: in _execute_on_connection
    return connection._execute_clauseelement(
..\..\..\AppData\Roaming\Python\Python314\site-packages\sqlalchemy\engine\base.py:1641: in _execute_clauseelement
    ret = self._execute_context(
..\..\..\AppData\Roaming\Python\Python314\site-packages\sqlalchemy\engine\base.py:1821: in _execute_context
    self._handle_dbapi_exception(
..\..\..\AppData\Roaming\Python\Python314\site-packages\sqlalchemy\engine\base.py:2355: in _handle_dbapi_exception
    raise sqlalchemy_exception.with_traceback(exc_info[2]) from e
..\..\..\AppData\Roaming\Python\Python314\site-packages\sqlalchemy\engine\base.py:1815: in _execute_context
    context = constructor(
..\..\..\AppData\Roaming\Python\Python314\site-packages\sqlalchemy\engine\default.py:1493: in _init_compiled
    flattened_processors[key](compiled_params[key])
..\..\..\AppData\Roaming\Python\Python314\site-packages\sqlalchemy\dialects\sqlite\base.py:1287: in process
    raise TypeError(
E   sqlalchemy.exc.StatementError: (builtins.TypeError) SQLite Date type only accepts Python date objects as input.
E   [SQL: INSERT INTO module_registrations (student_id, module_id, status, start_date) VALUES (?, ?, ?, ?)]
E   [parameters: [{'module_id': 'M001', 'status': 'Active', 'student_id': 'S001', 'start_date': '2025-01-10'}]]
_____ ERROR at setup of TestCoursesEndpoint.test_get_all_courses_success ______
..\..\..\AppData\Roaming\Python\Python314\site-packages\sqlalchemy\engine\base.py:1815: in _execute_context
    context = constructor(
..\..\..\AppData\Roaming\Python\Python314\site-packages\sqlalchemy\engine\default.py:1493: in _init_compiled
    flattened_processors[key](compiled_params[key])
..\..\..\AppData\Roaming\Python\Python314\site-packages\sqlalchemy\dialects\sqlite\base.py:1287: in process
    raise TypeError(
E   TypeError: SQLite Date type only accepts Python date objects as input.

The above exception was the direct cause of the following exception:
tests\conftest.py:75: in sample_survey_data
    db.session.commit()
..\..\..\AppData\Roaming\Python\Python314\site-packages\sqlalchemy\orm\scoping.py:597: in commit
    return self._proxied.commit()
..\..\..\AppData\Roaming\Python\Python314\site-packages\sqlalchemy\orm\session.py:2030: in commit
    trans.commit(_to_root=True)
..\..\..\AppData\Roaming\Python\Python314\site-packages\sqlalchemy\orm\state_changes.py:137: in _go
    ret_value = fn(self, *arg, **kw)
..\..\..\AppData\Roaming\Python\Python314\site-packages\sqlalchemy\orm\session.py:1311: in commit
    self._prepare_impl()
..\..\..\AppData\Roaming\Python\Python314\site-packages\sqlalchemy\orm\state_changes.py:137: in _go
    ret_value = fn(self, *arg, **kw)
..\..\..\AppData\Roaming\Python\Python314\site-packages\sqlalchemy\orm\session.py:1286: in _prepare_impl
    self.session.flush()
..\..\..\AppData\Roaming\Python\Python314\site-packages\sqlalchemy\orm\session.py:4331: in flush
    self._flush(objects)
..\..\..\AppData\Roaming\Python\Python314\site-packages\sqlalchemy\orm\session.py:4466: in _flush
    with util.safe_reraise():
..\..\..\AppData\Roaming\Python\Python314\site-packages\sqlalchemy\util\langhelpers.py:224: in __exit__
    raise exc_value.with_traceback(exc_tb)
..\..\..\AppData\Roaming\Python\Python314\site-packages\sqlalchemy\orm\session.py:4427: in _flush
    flush_context.execute()
..\..\..\AppData\Roaming\Python\Python314\site-packages\sqlalchemy\orm\unitofwork.py:466: in execute
    rec.execute(self)
..\..\..\AppData\Roaming\Python\Python314\site-packages\sqlalchemy\orm\unitofwork.py:642: in execute
    util.preloaded.orm_persistence.save_obj(
..\..\..\AppData\Roaming\Python\Python314\site-packages\sqlalchemy\orm\persistence.py:93: in save_obj
    _emit_insert_statements(
..\..\..\AppData\Roaming\Python\Python314\site-packages\sqlalchemy\orm\persistence.py:1233: in _emit_insert_statements
    result = connection.execute(
..\..\..\AppData\Roaming\Python\Python314\site-packages\sqlalchemy\engine\base.py:1419: in execute
    return meth(
..\..\..\AppData\Roaming\Python\Python314\site-packages\sqlalchemy\sql\elements.py:526: in _execute_on_connection
    return connection._execute_clauseelement(
..\..\..\AppData\Roaming\Python\Python314\site-packages\sqlalchemy\engine\base.py:1641: in _execute_clauseelement
    ret = self._execute_context(
..\..\..\AppData\Roaming\Python\Python314\site-packages\sqlalchemy\engine\base.py:1821: in _execute_context
    self._handle_dbapi_exception(
..\..\..\AppData\Roaming\Python\Python314\site-packages\sqlalchemy\engine\base.py:2355: in _handle_dbapi_exception
    raise sqlalchemy_exception.with_traceback(exc_info[2]) from e
..\..\..\AppData\Roaming\Python\Python314\site-packages\sqlalchemy\engine\base.py:1815: in _execute_context
    context = constructor(
..\..\..\AppData\Roaming\Python\Python314\site-packages\sqlalchemy\engine\default.py:1493: in _init_compiled
    flattened_processors[key](compiled_params[key])
..\..\..\AppData\Roaming\Python\Python314\site-packages\sqlalchemy\dialects\sqlite\base.py:1287: in process
    raise TypeError(
E   sqlalchemy.exc.StatementError: (builtins.TypeError) SQLite Date type only accepts Python date objects as input.
E   [SQL: INSERT INTO module_registrations (student_id, module_id, status, start_date) VALUES (?, ?, ?, ?)]
E   [parameters: [{'module_id': 'M001', 'status': 'Active', 'student_id': 'S001', 'start_date': '2025-01-10'}]]
____ ERROR at setup of TestCoursesEndpoint.test_get_courses_json_structure ____
..\..\..\AppData\Roaming\Python\Python314\site-packages\sqlalchemy\engine\base.py:1815: in _execute_context
    context = constructor(
..\..\..\AppData\Roaming\Python\Python314\site-packages\sqlalchemy\engine\default.py:1493: in _init_compiled
    flattened_processors[key](compiled_params[key])
..\..\..\AppData\Roaming\Python\Python314\site-packages\sqlalchemy\dialects\sqlite\base.py:1287: in process
    raise TypeError(
E   TypeError: SQLite Date type only accepts Python date objects as input.

The above exception was the direct cause of the following exception:
tests\conftest.py:75: in sample_survey_data
    db.session.commit()
..\..\..\AppData\Roaming\Python\Python314\site-packages\sqlalchemy\orm\scoping.py:597: in commit
    return self._proxied.commit()
..\..\..\AppData\Roaming\Python\Python314\site-packages\sqlalchemy\orm\session.py:2030: in commit
    trans.commit(_to_root=True)
..\..\..\AppData\Roaming\Python\Python314\site-packages\sqlalchemy\orm\state_changes.py:137: in _go
    ret_value = fn(self, *arg, **kw)
..\..\..\AppData\Roaming\Python\Python314\site-packages\sqlalchemy\orm\session.py:1311: in commit
    self._prepare_impl()
..\..\..\AppData\Roaming\Python\Python314\site-packages\sqlalchemy\orm\state_changes.py:137: in _go
    ret_value = fn(self, *arg, **kw)
..\..\..\AppData\Roaming\Python\Python314\site-packages\sqlalchemy\orm\session.py:1286: in _prepare_impl
    self.session.flush()
..\..\..\AppData\Roaming\Python\Python314\site-packages\sqlalchemy\orm\session.py:4331: in flush
    self._flush(objects)
..\..\..\AppData\Roaming\Python\Python314\site-packages\sqlalchemy\orm\session.py:4466: in _flush
    with util.safe_reraise():
..\..\..\AppData\Roaming\Python\Python314\site-packages\sqlalchemy\util\langhelpers.py:224: in __exit__
    raise exc_value.with_traceback(exc_tb)
..\..\..\AppData\Roaming\Python\Python314\site-packages\sqlalchemy\orm\session.py:4427: in _flush
    flush_context.execute()
..\..\..\AppData\Roaming\Python\Python314\site-packages\sqlalchemy\orm\unitofwork.py:466: in execute
    rec.execute(self)
..\..\..\AppData\Roaming\Python\Python314\site-packages\sqlalchemy\orm\unitofwork.py:642: in execute
    util.preloaded.orm_persistence.save_obj(
..\..\..\AppData\Roaming\Python\Python314\site-packages\sqlalchemy\orm\persistence.py:93: in save_obj
    _emit_insert_statements(
..\..\..\AppData\Roaming\Python\Python314\site-packages\sqlalchemy\orm\persistence.py:1233: in _emit_insert_statements
    result = connection.execute(
..\..\..\AppData\Roaming\Python\Python314\site-packages\sqlalchemy\engine\base.py:1419: in execute
    return meth(
..\..\..\AppData\Roaming\Python\Python314\site-packages\sqlalchemy\sql\elements.py:526: in _execute_on_connection
    return connection._execute_clauseelement(
..\..\..\AppData\Roaming\Python\Python314\site-packages\sqlalchemy\engine\base.py:1641: in _execute_clauseelement
    ret = self._execute_context(
..\..\..\AppData\Roaming\Python\Python314\site-packages\sqlalchemy\engine\base.py:1821: in _execute_context
    self._handle_dbapi_exception(
..\..\..\AppData\Roaming\Python\Python314\site-packages\sqlalchemy\engine\base.py:2355: in _handle_dbapi_exception
    raise sqlalchemy_exception.with_traceback(exc_info[2]) from e
..\..\..\AppData\Roaming\Python\Python314\site-packages\sqlalchemy\engine\base.py:1815: in _execute_context
    context = constructor(
..\..\..\AppData\Roaming\Python\Python314\site-packages\sqlalchemy\engine\default.py:1493: in _init_compiled
    flattened_processors[key](compiled_params[key])
..\..\..\AppData\Roaming\Python\Python314\site-packages\sqlalchemy\dialects\sqlite\base.py:1287: in process
    raise TypeError(
E   sqlalchemy.exc.StatementError: (builtins.TypeError) SQLite Date type only accepts Python date objects as input.
E   [SQL: INSERT INTO module_registrations (student_id, module_id, status, start_date) VALUES (?, ?, ?, ?)]
E   [parameters: [{'module_id': 'M001', 'status': 'Active', 'student_id': 'S001', 'start_date': '2025-01-10'}]]
______ ERROR at setup of TestCoursesEndpoint.test_get_courses_data_types ______
..\..\..\AppData\Roaming\Python\Python314\site-packages\sqlalchemy\engine\base.py:1815: in _execute_context
    context = constructor(
..\..\..\AppData\Roaming\Python\Python314\site-packages\sqlalchemy\engine\default.py:1493: in _init_compiled
    flattened_processors[key](compiled_params[key])
..\..\..\AppData\Roaming\Python\Python314\site-packages\sqlalchemy\dialects\sqlite\base.py:1287: in process
    raise TypeError(
E   TypeError: SQLite Date type only accepts Python date objects as input.

The above exception was the direct cause of the following exception:
tests\conftest.py:75: in sample_survey_data
    db.session.commit()
..\..\..\AppData\Roaming\Python\Python314\site-packages\sqlalchemy\orm\scoping.py:597: in commit
    return self._proxied.commit()
..\..\..\AppData\Roaming\Python\Python314\site-packages\sqlalchemy\orm\session.py:2030: in commit
    trans.commit(_to_root=True)
..\..\..\AppData\Roaming\Python\Python314\site-packages\sqlalchemy\orm\state_changes.py:137: in _go
    ret_value = fn(self, *arg, **kw)
..\..\..\AppData\Roaming\Python\Python314\site-packages\sqlalchemy\orm\session.py:1311: in commit
    self._prepare_impl()
..\..\..\AppData\Roaming\Python\Python314\site-packages\sqlalchemy\orm\state_changes.py:137: in _go
    ret_value = fn(self, *arg, **kw)
..\..\..\AppData\Roaming\Python\Python314\site-packages\sqlalchemy\orm\session.py:1286: in _prepare_impl
    self.session.flush()
..\..\..\AppData\Roaming\Python\Python314\site-packages\sqlalchemy\orm\session.py:4331: in flush
    self._flush(objects)
..\..\..\AppData\Roaming\Python\Python314\site-packages\sqlalchemy\orm\session.py:4466: in _flush
    with util.safe_reraise():
..\..\..\AppData\Roaming\Python\Python314\site-packages\sqlalchemy\util\langhelpers.py:224: in __exit__
    raise exc_value.with_traceback(exc_tb)
..\..\..\AppData\Roaming\Python\Python314\site-packages\sqlalchemy\orm\session.py:4427: in _flush
    flush_context.execute()
..\..\..\AppData\Roaming\Python\Python314\site-packages\sqlalchemy\orm\unitofwork.py:466: in execute
    rec.execute(self)
..\..\..\AppData\Roaming\Python\Python314\site-packages\sqlalchemy\orm\unitofwork.py:642: in execute
    util.preloaded.orm_persistence.save_obj(
..\..\..\AppData\Roaming\Python\Python314\site-packages\sqlalchemy\orm\persistence.py:93: in save_obj
    _emit_insert_statements(
..\..\..\AppData\Roaming\Python\Python314\site-packages\sqlalchemy\orm\persistence.py:1233: in _emit_insert_statements
    result = connection.execute(
..\..\..\AppData\Roaming\Python\Python314\site-packages\sqlalchemy\engine\base.py:1419: in execute
    return meth(
..\..\..\AppData\Roaming\Python\Python314\site-packages\sqlalchemy\sql\elements.py:526: in _execute_on_connection
    return connection._execute_clauseelement(
..\..\..\AppData\Roaming\Python\Python314\site-packages\sqlalchemy\engine\base.py:1641: in _execute_clauseelement
    ret = self._execute_context(
..\..\..\AppData\Roaming\Python\Python314\site-packages\sqlalchemy\engine\base.py:1821: in _execute_context
    self._handle_dbapi_exception(
..\..\..\AppData\Roaming\Python\Python314\site-packages\sqlalchemy\engine\base.py:2355: in _handle_dbapi_exception
    raise sqlalchemy_exception.with_traceback(exc_info[2]) from e
..\..\..\AppData\Roaming\Python\Python314\site-packages\sqlalchemy\engine\base.py:1815: in _execute_context
    context = constructor(
..\..\..\AppData\Roaming\Python\Python314\site-packages\sqlalchemy\engine\default.py:1493: in _init_compiled
    flattened_processors[key](compiled_params[key])
..\..\..\AppData\Roaming\Python\Python314\site-packages\sqlalchemy\dialects\sqlite\base.py:1287: in process
    raise TypeError(
E   sqlalchemy.exc.StatementError: (builtins.TypeError) SQLite Date type only accepts Python date objects as input.
E   [SQL: INSERT INTO module_registrations (student_id, module_id, status, start_date) VALUES (?, ?, ?, ?)]
E   [parameters: [{'module_id': 'M001', 'status': 'Active', 'student_id': 'S001', 'start_date': '2025-01-10'}]]
_ ERROR at setup of TestCourseModulesEndpoint.test_get_course_modules_success _
..\..\..\AppData\Roaming\Python\Python314\site-packages\sqlalchemy\engine\base.py:1815: in _execute_context
    context = constructor(
..\..\..\AppData\Roaming\Python\Python314\site-packages\sqlalchemy\engine\default.py:1493: in _init_compiled
    flattened_processors[key](compiled_params[key])
..\..\..\AppData\Roaming\Python\Python314\site-packages\sqlalchemy\dialects\sqlite\base.py:1287: in process
    raise TypeError(
E   TypeError: SQLite Date type only accepts Python date objects as input.

The above exception was the direct cause of the following exception:
tests\conftest.py:75: in sample_survey_data
    db.session.commit()
..\..\..\AppData\Roaming\Python\Python314\site-packages\sqlalchemy\orm\scoping.py:597: in commit
    return self._proxied.commit()
..\..\..\AppData\Roaming\Python\Python314\site-packages\sqlalchemy\orm\session.py:2030: in commit
    trans.commit(_to_root=True)
..\..\..\AppData\Roaming\Python\Python314\site-packages\sqlalchemy\orm\state_changes.py:137: in _go
    ret_value = fn(self, *arg, **kw)
..\..\..\AppData\Roaming\Python\Python314\site-packages\sqlalchemy\orm\session.py:1311: in commit
    self._prepare_impl()
..\..\..\AppData\Roaming\Python\Python314\site-packages\sqlalchemy\orm\state_changes.py:137: in _go
    ret_value = fn(self, *arg, **kw)
..\..\..\AppData\Roaming\Python\Python314\site-packages\sqlalchemy\orm\session.py:1286: in _prepare_impl
    self.session.flush()
..\..\..\AppData\Roaming\Python\Python314\site-packages\sqlalchemy\orm\session.py:4331: in flush
    self._flush(objects)
..\..\..\AppData\Roaming\Python\Python314\site-packages\sqlalchemy\orm\session.py:4466: in _flush
    with util.safe_reraise():
..\..\..\AppData\Roaming\Python\Python314\site-packages\sqlalchemy\util\langhelpers.py:224: in __exit__
    raise exc_value.with_traceback(exc_tb)
..\..\..\AppData\Roaming\Python\Python314\site-packages\sqlalchemy\orm\session.py:4427: in _flush
    flush_context.execute()
..\..\..\AppData\Roaming\Python\Python314\site-packages\sqlalchemy\orm\unitofwork.py:466: in execute
    rec.execute(self)
..\..\..\AppData\Roaming\Python\Python314\site-packages\sqlalchemy\orm\unitofwork.py:642: in execute
    util.preloaded.orm_persistence.save_obj(
..\..\..\AppData\Roaming\Python\Python314\site-packages\sqlalchemy\orm\persistence.py:93: in save_obj
    _emit_insert_statements(
..\..\..\AppData\Roaming\Python\Python314\site-packages\sqlalchemy\orm\persistence.py:1233: in _emit_insert_statements
    result = connection.execute(
..\..\..\AppData\Roaming\Python\Python314\site-packages\sqlalchemy\engine\base.py:1419: in execute
    return meth(
..\..\..\AppData\Roaming\Python\Python314\site-packages\sqlalchemy\sql\elements.py:526: in _execute_on_connection
    return connection._execute_clauseelement(
..\..\..\AppData\Roaming\Python\Python314\site-packages\sqlalchemy\engine\base.py:1641: in _execute_clauseelement
    ret = self._execute_context(
..\..\..\AppData\Roaming\Python\Python314\site-packages\sqlalchemy\engine\base.py:1821: in _execute_context
    self._handle_dbapi_exception(
..\..\..\AppData\Roaming\Python\Python314\site-packages\sqlalchemy\engine\base.py:2355: in _handle_dbapi_exception
    raise sqlalchemy_exception.with_traceback(exc_info[2]) from e
..\..\..\AppData\Roaming\Python\Python314\site-packages\sqlalchemy\engine\base.py:1815: in _execute_context
    context = constructor(
..\..\..\AppData\Roaming\Python\Python314\site-packages\sqlalchemy\engine\default.py:1493: in _init_compiled
    flattened_processors[key](compiled_params[key])
..\..\..\AppData\Roaming\Python\Python314\site-packages\sqlalchemy\dialects\sqlite\base.py:1287: in process
    raise TypeError(
E   sqlalchemy.exc.StatementError: (builtins.TypeError) SQLite Date type only accepts Python date objects as input.
E   [SQL: INSERT INTO module_registrations (student_id, module_id, status, start_date) VALUES (?, ?, ?, ?)]
E   [parameters: [{'module_id': 'M001', 'status': 'Active', 'student_id': 'S001', 'start_date': '2025-01-10'}]]
_ ERROR at setup of TestCourseModulesEndpoint.test_get_course_modules_json_structure _
..\..\..\AppData\Roaming\Python\Python314\site-packages\sqlalchemy\engine\base.py:1815: in _execute_context
    context = constructor(
..\..\..\AppData\Roaming\Python\Python314\site-packages\sqlalchemy\engine\default.py:1493: in _init_compiled
    flattened_processors[key](compiled_params[key])
..\..\..\AppData\Roaming\Python\Python314\site-packages\sqlalchemy\dialects\sqlite\base.py:1287: in process
    raise TypeError(
E   TypeError: SQLite Date type only accepts Python date objects as input.

The above exception was the direct cause of the following exception:
tests\conftest.py:75: in sample_survey_data
    db.session.commit()
..\..\..\AppData\Roaming\Python\Python314\site-packages\sqlalchemy\orm\scoping.py:597: in commit
    return self._proxied.commit()
..\..\..\AppData\Roaming\Python\Python314\site-packages\sqlalchemy\orm\session.py:2030: in commit
    trans.commit(_to_root=True)
..\..\..\AppData\Roaming\Python\Python314\site-packages\sqlalchemy\orm\state_changes.py:137: in _go
    ret_value = fn(self, *arg, **kw)
..\..\..\AppData\Roaming\Python\Python314\site-packages\sqlalchemy\orm\session.py:1311: in commit
    self._prepare_impl()
..\..\..\AppData\Roaming\Python\Python314\site-packages\sqlalchemy\orm\state_changes.py:137: in _go
    ret_value = fn(self, *arg, **kw)
..\..\..\AppData\Roaming\Python\Python314\site-packages\sqlalchemy\orm\session.py:1286: in _prepare_impl
    self.session.flush()
..\..\..\AppData\Roaming\Python\Python314\site-packages\sqlalchemy\orm\session.py:4331: in flush
    self._flush(objects)
..\..\..\AppData\Roaming\Python\Python314\site-packages\sqlalchemy\orm\session.py:4466: in _flush
    with util.safe_reraise():
..\..\..\AppData\Roaming\Python\Python314\site-packages\sqlalchemy\util\langhelpers.py:224: in __exit__
    raise exc_value.with_traceback(exc_tb)
..\..\..\AppData\Roaming\Python\Python314\site-packages\sqlalchemy\orm\session.py:4427: in _flush
    flush_context.execute()
..\..\..\AppData\Roaming\Python\Python314\site-packages\sqlalchemy\orm\unitofwork.py:466: in execute
    rec.execute(self)
..\..\..\AppData\Roaming\Python\Python314\site-packages\sqlalchemy\orm\unitofwork.py:642: in execute
    util.preloaded.orm_persistence.save_obj(
..\..\..\AppData\Roaming\Python\Python314\site-packages\sqlalchemy\orm\persistence.py:93: in save_obj
    _emit_insert_statements(
..\..\..\AppData\Roaming\Python\Python314\site-packages\sqlalchemy\orm\persistence.py:1233: in _emit_insert_statements
    result = connection.execute(
..\..\..\AppData\Roaming\Python\Python314\site-packages\sqlalchemy\engine\base.py:1419: in execute
    return meth(
..\..\..\AppData\Roaming\Python\Python314\site-packages\sqlalchemy\sql\elements.py:526: in _execute_on_connection
    return connection._execute_clauseelement(
..\..\..\AppData\Roaming\Python\Python314\site-packages\sqlalchemy\engine\base.py:1641: in _execute_clauseelement
    ret = self._execute_context(
..\..\..\AppData\Roaming\Python\Python314\site-packages\sqlalchemy\engine\base.py:1821: in _execute_context
    self._handle_dbapi_exception(
..\..\..\AppData\Roaming\Python\Python314\site-packages\sqlalchemy\engine\base.py:2355: in _handle_dbapi_exception
    raise sqlalchemy_exception.with_traceback(exc_info[2]) from e
..\..\..\AppData\Roaming\Python\Python314\site-packages\sqlalchemy\engine\base.py:1815: in _execute_context
    context = constructor(
..\..\..\AppData\Roaming\Python\Python314\site-packages\sqlalchemy\engine\default.py:1493: in _init_compiled
    flattened_processors[key](compiled_params[key])
..\..\..\AppData\Roaming\Python\Python314\site-packages\sqlalchemy\dialects\sqlite\base.py:1287: in process
    raise TypeError(
E   sqlalchemy.exc.StatementError: (builtins.TypeError) SQLite Date type only accepts Python date objects as input.
E   [SQL: INSERT INTO module_registrations (student_id, module_id, status, start_date) VALUES (?, ?, ?, ?)]
E   [parameters: [{'module_id': 'M001', 'status': 'Active', 'student_id': 'S001', 'start_date': '2025-01-10'}]]
_ ERROR at setup of TestCourseModulesEndpoint.test_get_course_modules_filters_by_course _
..\..\..\AppData\Roaming\Python\Python314\site-packages\sqlalchemy\engine\base.py:1815: in _execute_context
    context = constructor(
..\..\..\AppData\Roaming\Python\Python314\site-packages\sqlalchemy\engine\default.py:1493: in _init_compiled
    flattened_processors[key](compiled_params[key])
..\..\..\AppData\Roaming\Python\Python314\site-packages\sqlalchemy\dialects\sqlite\base.py:1287: in process
    raise TypeError(
E   TypeError: SQLite Date type only accepts Python date objects as input.

The above exception was the direct cause of the following exception:
tests\conftest.py:75: in sample_survey_data
    db.session.commit()
..\..\..\AppData\Roaming\Python\Python314\site-packages\sqlalchemy\orm\scoping.py:597: in commit
    return self._proxied.commit()
..\..\..\AppData\Roaming\Python\Python314\site-packages\sqlalchemy\orm\session.py:2030: in commit
    trans.commit(_to_root=True)
..\..\..\AppData\Roaming\Python\Python314\site-packages\sqlalchemy\orm\state_changes.py:137: in _go
    ret_value = fn(self, *arg, **kw)
..\..\..\AppData\Roaming\Python\Python314\site-packages\sqlalchemy\orm\session.py:1311: in commit
    self._prepare_impl()
..\..\..\AppData\Roaming\Python\Python314\site-packages\sqlalchemy\orm\state_changes.py:137: in _go
    ret_value = fn(self, *arg, **kw)
..\..\..\AppData\Roaming\Python\Python314\site-packages\sqlalchemy\orm\session.py:1286: in _prepare_impl
    self.session.flush()
..\..\..\AppData\Roaming\Python\Python314\site-packages\sqlalchemy\orm\session.py:4331: in flush
    self._flush(objects)
..\..\..\AppData\Roaming\Python\Python314\site-packages\sqlalchemy\orm\session.py:4466: in _flush
    with util.safe_reraise():
..\..\..\AppData\Roaming\Python\Python314\site-packages\sqlalchemy\util\langhelpers.py:224: in __exit__
    raise exc_value.with_traceback(exc_tb)
..\..\..\AppData\Roaming\Python\Python314\site-packages\sqlalchemy\orm\session.py:4427: in _flush
    flush_context.execute()
..\..\..\AppData\Roaming\Python\Python314\site-packages\sqlalchemy\orm\unitofwork.py:466: in execute
    rec.execute(self)
..\..\..\AppData\Roaming\Python\Python314\site-packages\sqlalchemy\orm\unitofwork.py:642: in execute
    util.preloaded.orm_persistence.save_obj(
..\..\..\AppData\Roaming\Python\Python314\site-packages\sqlalchemy\orm\persistence.py:93: in save_obj
    _emit_insert_statements(
..\..\..\AppData\Roaming\Python\Python314\site-packages\sqlalchemy\orm\persistence.py:1233: in _emit_insert_statements
    result = connection.execute(
..\..\..\AppData\Roaming\Python\Python314\site-packages\sqlalchemy\engine\base.py:1419: in execute
    return meth(
..\..\..\AppData\Roaming\Python\Python314\site-packages\sqlalchemy\sql\elements.py:526: in _execute_on_connection
    return connection._execute_clauseelement(
..\..\..\AppData\Roaming\Python\Python314\site-packages\sqlalchemy\engine\base.py:1641: in _execute_clauseelement
    ret = self._execute_context(
..\..\..\AppData\Roaming\Python\Python314\site-packages\sqlalchemy\engine\base.py:1821: in _execute_context
    self._handle_dbapi_exception(
..\..\..\AppData\Roaming\Python\Python314\site-packages\sqlalchemy\engine\base.py:2355: in _handle_dbapi_exception
    raise sqlalchemy_exception.with_traceback(exc_info[2]) from e
..\..\..\AppData\Roaming\Python\Python314\site-packages\sqlalchemy\engine\base.py:1815: in _execute_context
    context = constructor(
..\..\..\AppData\Roaming\Python\Python314\site-packages\sqlalchemy\engine\default.py:1493: in _init_compiled
    flattened_processors[key](compiled_params[key])
..\..\..\AppData\Roaming\Python\Python314\site-packages\sqlalchemy\dialects\sqlite\base.py:1287: in process
    raise TypeError(
E   sqlalchemy.exc.StatementError: (builtins.TypeError) SQLite Date type only accepts Python date objects as input.
E   [SQL: INSERT INTO module_registrations (student_id, module_id, status, start_date) VALUES (?, ?, ?, ?)]
E   [parameters: [{'module_id': 'M001', 'status': 'Active', 'student_id': 'S001', 'start_date': '2025-01-10'}]]
_ ERROR at setup of TestModuleAssignmentsEndpoint.test_get_module_assignments_success _
..\..\..\AppData\Roaming\Python\Python314\site-packages\sqlalchemy\engine\base.py:1815: in _execute_context
    context = constructor(
..\..\..\AppData\Roaming\Python\Python314\site-packages\sqlalchemy\engine\default.py:1493: in _init_compiled
    flattened_processors[key](compiled_params[key])
..\..\..\AppData\Roaming\Python\Python314\site-packages\sqlalchemy\dialects\sqlite\base.py:1287: in process
    raise TypeError(
E   TypeError: SQLite Date type only accepts Python date objects as input.

The above exception was the direct cause of the following exception:
tests\conftest.py:75: in sample_survey_data
    db.session.commit()
..\..\..\AppData\Roaming\Python\Python314\site-packages\sqlalchemy\orm\scoping.py:597: in commit
    return self._proxied.commit()
..\..\..\AppData\Roaming\Python\Python314\site-packages\sqlalchemy\orm\session.py:2030: in commit
    trans.commit(_to_root=True)
..\..\..\AppData\Roaming\Python\Python314\site-packages\sqlalchemy\orm\state_changes.py:137: in _go
    ret_value = fn(self, *arg, **kw)
..\..\..\AppData\Roaming\Python\Python314\site-packages\sqlalchemy\orm\session.py:1311: in commit
    self._prepare_impl()
..\..\..\AppData\Roaming\Python\Python314\site-packages\sqlalchemy\orm\state_changes.py:137: in _go
    ret_value = fn(self, *arg, **kw)
..\..\..\AppData\Roaming\Python\Python314\site-packages\sqlalchemy\orm\session.py:1286: in _prepare_impl
    self.session.flush()
..\..\..\AppData\Roaming\Python\Python314\site-packages\sqlalchemy\orm\session.py:4331: in flush
    self._flush(objects)
..\..\..\AppData\Roaming\Python\Python314\site-packages\sqlalchemy\orm\session.py:4466: in _flush
    with util.safe_reraise():
..\..\..\AppData\Roaming\Python\Python314\site-packages\sqlalchemy\util\langhelpers.py:224: in __exit__
    raise exc_value.with_traceback(exc_tb)
..\..\..\AppData\Roaming\Python\Python314\site-packages\sqlalchemy\orm\session.py:4427: in _flush
    flush_context.execute()
..\..\..\AppData\Roaming\Python\Python314\site-packages\sqlalchemy\orm\unitofwork.py:466: in execute
    rec.execute(self)
..\..\..\AppData\Roaming\Python\Python314\site-packages\sqlalchemy\orm\unitofwork.py:642: in execute
    util.preloaded.orm_persistence.save_obj(
..\..\..\AppData\Roaming\Python\Python314\site-packages\sqlalchemy\orm\persistence.py:93: in save_obj
    _emit_insert_statements(
..\..\..\AppData\Roaming\Python\Python314\site-packages\sqlalchemy\orm\persistence.py:1233: in _emit_insert_statements
    result = connection.execute(
..\..\..\AppData\Roaming\Python\Python314\site-packages\sqlalchemy\engine\base.py:1419: in execute
    return meth(
..\..\..\AppData\Roaming\Python\Python314\site-packages\sqlalchemy\sql\elements.py:526: in _execute_on_connection
    return connection._execute_clauseelement(
..\..\..\AppData\Roaming\Python\Python314\site-packages\sqlalchemy\engine\base.py:1641: in _execute_clauseelement
    ret = self._execute_context(
..\..\..\AppData\Roaming\Python\Python314\site-packages\sqlalchemy\engine\base.py:1821: in _execute_context
    self._handle_dbapi_exception(
..\..\..\AppData\Roaming\Python\Python314\site-packages\sqlalchemy\engine\base.py:2355: in _handle_dbapi_exception
    raise sqlalchemy_exception.with_traceback(exc_info[2]) from e
..\..\..\AppData\Roaming\Python\Python314\site-packages\sqlalchemy\engine\base.py:1815: in _execute_context
    context = constructor(
..\..\..\AppData\Roaming\Python\Python314\site-packages\sqlalchemy\engine\default.py:1493: in _init_compiled
    flattened_processors[key](compiled_params[key])
..\..\..\AppData\Roaming\Python\Python314\site-packages\sqlalchemy\dialects\sqlite\base.py:1287: in process
    raise TypeError(
E   sqlalchemy.exc.StatementError: (builtins.TypeError) SQLite Date type only accepts Python date objects as input.
E   [SQL: INSERT INTO module_registrations (student_id, module_id, status, start_date) VALUES (?, ?, ?, ?)]
E   [parameters: [{'module_id': 'M001', 'status': 'Active', 'student_id': 'S001', 'start_date': '2025-01-10'}]]
_ ERROR at setup of TestModuleAssignmentsEndpoint.test_get_module_assignments_json_structure _
..\..\..\AppData\Roaming\Python\Python314\site-packages\sqlalchemy\engine\base.py:1815: in _execute_context
    context = constructor(
..\..\..\AppData\Roaming\Python\Python314\site-packages\sqlalchemy\engine\default.py:1493: in _init_compiled
    flattened_processors[key](compiled_params[key])
..\..\..\AppData\Roaming\Python\Python314\site-packages\sqlalchemy\dialects\sqlite\base.py:1287: in process
    raise TypeError(
E   TypeError: SQLite Date type only accepts Python date objects as input.

The above exception was the direct cause of the following exception:
tests\conftest.py:75: in sample_survey_data
    db.session.commit()
..\..\..\AppData\Roaming\Python\Python314\site-packages\sqlalchemy\orm\scoping.py:597: in commit
    return self._proxied.commit()
..\..\..\AppData\Roaming\Python\Python314\site-packages\sqlalchemy\orm\session.py:2030: in commit
    trans.commit(_to_root=True)
..\..\..\AppData\Roaming\Python\Python314\site-packages\sqlalchemy\orm\state_changes.py:137: in _go
    ret_value = fn(self, *arg, **kw)
..\..\..\AppData\Roaming\Python\Python314\site-packages\sqlalchemy\orm\session.py:1311: in commit
    self._prepare_impl()
..\..\..\AppData\Roaming\Python\Python314\site-packages\sqlalchemy\orm\state_changes.py:137: in _go
    ret_value = fn(self, *arg, **kw)
..\..\..\AppData\Roaming\Python\Python314\site-packages\sqlalchemy\orm\session.py:1286: in _prepare_impl
    self.session.flush()
..\..\..\AppData\Roaming\Python\Python314\site-packages\sqlalchemy\orm\session.py:4331: in flush
    self._flush(objects)
..\..\..\AppData\Roaming\Python\Python314\site-packages\sqlalchemy\orm\session.py:4466: in _flush
    with util.safe_reraise():
..\..\..\AppData\Roaming\Python\Python314\site-packages\sqlalchemy\util\langhelpers.py:224: in __exit__
    raise exc_value.with_traceback(exc_tb)
..\..\..\AppData\Roaming\Python\Python314\site-packages\sqlalchemy\orm\session.py:4427: in _flush
    flush_context.execute()
..\..\..\AppData\Roaming\Python\Python314\site-packages\sqlalchemy\orm\unitofwork.py:466: in execute
    rec.execute(self)
..\..\..\AppData\Roaming\Python\Python314\site-packages\sqlalchemy\orm\unitofwork.py:642: in execute
    util.preloaded.orm_persistence.save_obj(
..\..\..\AppData\Roaming\Python\Python314\site-packages\sqlalchemy\orm\persistence.py:93: in save_obj
    _emit_insert_statements(
..\..\..\AppData\Roaming\Python\Python314\site-packages\sqlalchemy\orm\persistence.py:1233: in _emit_insert_statements
    result = connection.execute(
..\..\..\AppData\Roaming\Python\Python314\site-packages\sqlalchemy\engine\base.py:1419: in execute
    return meth(
..\..\..\AppData\Roaming\Python\Python314\site-packages\sqlalchemy\sql\elements.py:526: in _execute_on_connection
    return connection._execute_clauseelement(
..\..\..\AppData\Roaming\Python\Python314\site-packages\sqlalchemy\engine\base.py:1641: in _execute_clauseelement
    ret = self._execute_context(
..\..\..\AppData\Roaming\Python\Python314\site-packages\sqlalchemy\engine\base.py:1821: in _execute_context
    self._handle_dbapi_exception(
..\..\..\AppData\Roaming\Python\Python314\site-packages\sqlalchemy\engine\base.py:2355: in _handle_dbapi_exception
    raise sqlalchemy_exception.with_traceback(exc_info[2]) from e
..\..\..\AppData\Roaming\Python\Python314\site-packages\sqlalchemy\engine\base.py:1815: in _execute_context
    context = constructor(
..\..\..\AppData\Roaming\Python\Python314\site-packages\sqlalchemy\engine\default.py:1493: in _init_compiled
    flattened_processors[key](compiled_params[key])
..\..\..\AppData\Roaming\Python\Python314\site-packages\sqlalchemy\dialects\sqlite\base.py:1287: in process
    raise TypeError(
E   sqlalchemy.exc.StatementError: (builtins.TypeError) SQLite Date type only accepts Python date objects as input.
E   [SQL: INSERT INTO module_registrations (student_id, module_id, status, start_date) VALUES (?, ?, ?, ?)]
E   [parameters: [{'module_id': 'M001', 'status': 'Active', 'student_id': 'S001', 'start_date': '2025-01-10'}]]
_ ERROR at setup of TestModuleAssignmentsEndpoint.test_get_module_assignments_data_types _
..\..\..\AppData\Roaming\Python\Python314\site-packages\sqlalchemy\engine\base.py:1815: in _execute_context
    context = constructor(
..\..\..\AppData\Roaming\Python\Python314\site-packages\sqlalchemy\engine\default.py:1493: in _init_compiled
    flattened_processors[key](compiled_params[key])
..\..\..\AppData\Roaming\Python\Python314\site-packages\sqlalchemy\dialects\sqlite\base.py:1287: in process
    raise TypeError(
E   TypeError: SQLite Date type only accepts Python date objects as input.

The above exception was the direct cause of the following exception:
tests\conftest.py:75: in sample_survey_data
    db.session.commit()
..\..\..\AppData\Roaming\Python\Python314\site-packages\sqlalchemy\orm\scoping.py:597: in commit
    return self._proxied.commit()
..\..\..\AppData\Roaming\Python\Python314\site-packages\sqlalchemy\orm\session.py:2030: in commit
    trans.commit(_to_root=True)
..\..\..\AppData\Roaming\Python\Python314\site-packages\sqlalchemy\orm\state_changes.py:137: in _go
    ret_value = fn(self, *arg, **kw)
..\..\..\AppData\Roaming\Python\Python314\site-packages\sqlalchemy\orm\session.py:1311: in commit
    self._prepare_impl()
..\..\..\AppData\Roaming\Python\Python314\site-packages\sqlalchemy\orm\state_changes.py:137: in _go
    ret_value = fn(self, *arg, **kw)
..\..\..\AppData\Roaming\Python\Python314\site-packages\sqlalchemy\orm\session.py:1286: in _prepare_impl
    self.session.flush()
..\..\..\AppData\Roaming\Python\Python314\site-packages\sqlalchemy\orm\session.py:4331: in flush
    self._flush(objects)
..\..\..\AppData\Roaming\Python\Python314\site-packages\sqlalchemy\orm\session.py:4466: in _flush
    with util.safe_reraise():
..\..\..\AppData\Roaming\Python\Python314\site-packages\sqlalchemy\util\langhelpers.py:224: in __exit__
    raise exc_value.with_traceback(exc_tb)
..\..\..\AppData\Roaming\Python\Python314\site-packages\sqlalchemy\orm\session.py:4427: in _flush
    flush_context.execute()
..\..\..\AppData\Roaming\Python\Python314\site-packages\sqlalchemy\orm\unitofwork.py:466: in execute
    rec.execute(self)
..\..\..\AppData\Roaming\Python\Python314\site-packages\sqlalchemy\orm\unitofwork.py:642: in execute
    util.preloaded.orm_persistence.save_obj(
..\..\..\AppData\Roaming\Python\Python314\site-packages\sqlalchemy\orm\persistence.py:93: in save_obj
    _emit_insert_statements(
..\..\..\AppData\Roaming\Python\Python314\site-packages\sqlalchemy\orm\persistence.py:1233: in _emit_insert_statements
    result = connection.execute(
..\..\..\AppData\Roaming\Python\Python314\site-packages\sqlalchemy\engine\base.py:1419: in execute
    return meth(
..\..\..\AppData\Roaming\Python\Python314\site-packages\sqlalchemy\sql\elements.py:526: in _execute_on_connection
    return connection._execute_clauseelement(
..\..\..\AppData\Roaming\Python\Python314\site-packages\sqlalchemy\engine\base.py:1641: in _execute_clauseelement
    ret = self._execute_context(
..\..\..\AppData\Roaming\Python\Python314\site-packages\sqlalchemy\engine\base.py:1821: in _execute_context
    self._handle_dbapi_exception(
..\..\..\AppData\Roaming\Python\Python314\site-packages\sqlalchemy\engine\base.py:2355: in _handle_dbapi_exception
    raise sqlalchemy_exception.with_traceback(exc_info[2]) from e
..\..\..\AppData\Roaming\Python\Python314\site-packages\sqlalchemy\engine\base.py:1815: in _execute_context
    context = constructor(
..\..\..\AppData\Roaming\Python\Python314\site-packages\sqlalchemy\engine\default.py:1493: in _init_compiled
    flattened_processors[key](compiled_params[key])
..\..\..\AppData\Roaming\Python\Python314\site-packages\sqlalchemy\dialects\sqlite\base.py:1287: in process
    raise TypeError(
E   sqlalchemy.exc.StatementError: (builtins.TypeError) SQLite Date type only accepts Python date objects as input.
E   [SQL: INSERT INTO module_registrations (student_id, module_id, status, start_date) VALUES (?, ?, ?, ?)]
E   [parameters: [{'module_id': 'M001', 'status': 'Active', 'student_id': 'S001', 'start_date': '2025-01-10'}]]
_ ERROR at setup of TestModuleAssignmentsEndpoint.test_get_module_assignments_filters_by_module _
..\..\..\AppData\Roaming\Python\Python314\site-packages\sqlalchemy\engine\base.py:1815: in _execute_context
    context = constructor(
..\..\..\AppData\Roaming\Python\Python314\site-packages\sqlalchemy\engine\default.py:1493: in _init_compiled
    flattened_processors[key](compiled_params[key])
..\..\..\AppData\Roaming\Python\Python314\site-packages\sqlalchemy\dialects\sqlite\base.py:1287: in process
    raise TypeError(
E   TypeError: SQLite Date type only accepts Python date objects as input.

The above exception was the direct cause of the following exception:
tests\conftest.py:75: in sample_survey_data
    db.session.commit()
..\..\..\AppData\Roaming\Python\Python314\site-packages\sqlalchemy\orm\scoping.py:597: in commit
    return self._proxied.commit()
..\..\..\AppData\Roaming\Python\Python314\site-packages\sqlalchemy\orm\session.py:2030: in commit
    trans.commit(_to_root=True)
..\..\..\AppData\Roaming\Python\Python314\site-packages\sqlalchemy\orm\state_changes.py:137: in _go
    ret_value = fn(self, *arg, **kw)
..\..\..\AppData\Roaming\Python\Python314\site-packages\sqlalchemy\orm\session.py:1311: in commit
    self._prepare_impl()
..\..\..\AppData\Roaming\Python\Python314\site-packages\sqlalchemy\orm\state_changes.py:137: in _go
    ret_value = fn(self, *arg, **kw)
..\..\..\AppData\Roaming\Python\Python314\site-packages\sqlalchemy\orm\session.py:1286: in _prepare_impl
    self.session.flush()
..\..\..\AppData\Roaming\Python\Python314\site-packages\sqlalchemy\orm\session.py:4331: in flush
    self._flush(objects)
..\..\..\AppData\Roaming\Python\Python314\site-packages\sqlalchemy\orm\session.py:4466: in _flush
    with util.safe_reraise():
..\..\..\AppData\Roaming\Python\Python314\site-packages\sqlalchemy\util\langhelpers.py:224: in __exit__
    raise exc_value.with_traceback(exc_tb)
..\..\..\AppData\Roaming\Python\Python314\site-packages\sqlalchemy\orm\session.py:4427: in _flush
    flush_context.execute()
..\..\..\AppData\Roaming\Python\Python314\site-packages\sqlalchemy\orm\unitofwork.py:466: in execute
    rec.execute(self)
..\..\..\AppData\Roaming\Python\Python314\site-packages\sqlalchemy\orm\unitofwork.py:642: in execute
    util.preloaded.orm_persistence.save_obj(
..\..\..\AppData\Roaming\Python\Python314\site-packages\sqlalchemy\orm\persistence.py:93: in save_obj
    _emit_insert_statements(
..\..\..\AppData\Roaming\Python\Python314\site-packages\sqlalchemy\orm\persistence.py:1233: in _emit_insert_statements
    result = connection.execute(
..\..\..\AppData\Roaming\Python\Python314\site-packages\sqlalchemy\engine\base.py:1419: in execute
    return meth(
..\..\..\AppData\Roaming\Python\Python314\site-packages\sqlalchemy\sql\elements.py:526: in _execute_on_connection
    return connection._execute_clauseelement(
..\..\..\AppData\Roaming\Python\Python314\site-packages\sqlalchemy\engine\base.py:1641: in _execute_clauseelement
    ret = self._execute_context(
..\..\..\AppData\Roaming\Python\Python314\site-packages\sqlalchemy\engine\base.py:1821: in _execute_context
    self._handle_dbapi_exception(
..\..\..\AppData\Roaming\Python\Python314\site-packages\sqlalchemy\engine\base.py:2355: in _handle_dbapi_exception
    raise sqlalchemy_exception.with_traceback(exc_info[2]) from e
..\..\..\AppData\Roaming\Python\Python314\site-packages\sqlalchemy\engine\base.py:1815: in _execute_context
    context = constructor(
..\..\..\AppData\Roaming\Python\Python314\site-packages\sqlalchemy\engine\default.py:1493: in _init_compiled
    flattened_processors[key](compiled_params[key])
..\..\..\AppData\Roaming\Python\Python314\site-packages\sqlalchemy\dialects\sqlite\base.py:1287: in process
    raise TypeError(
E   sqlalchemy.exc.StatementError: (builtins.TypeError) SQLite Date type only accepts Python date objects as input.
E   [SQL: INSERT INTO module_registrations (student_id, module_id, status, start_date) VALUES (?, ?, ?, ?)]
E   [parameters: [{'module_id': 'M001', 'status': 'Active', 'student_id': 'S001', 'start_date': '2025-01-10'}]]
__ ERROR at setup of TestWeeklySurveysEndpoint.test_get_all_surveys_success ___
..\..\..\AppData\Roaming\Python\Python314\site-packages\sqlalchemy\engine\base.py:1815: in _execute_context
    context = constructor(
..\..\..\AppData\Roaming\Python\Python314\site-packages\sqlalchemy\engine\default.py:1493: in _init_compiled
    flattened_processors[key](compiled_params[key])
..\..\..\AppData\Roaming\Python\Python314\site-packages\sqlalchemy\dialects\sqlite\base.py:1287: in process
    raise TypeError(
E   TypeError: SQLite Date type only accepts Python date objects as input.

The above exception was the direct cause of the following exception:
tests\conftest.py:75: in sample_survey_data
    db.session.commit()
..\..\..\AppData\Roaming\Python\Python314\site-packages\sqlalchemy\orm\scoping.py:597: in commit
    return self._proxied.commit()
..\..\..\AppData\Roaming\Python\Python314\site-packages\sqlalchemy\orm\session.py:2030: in commit
    trans.commit(_to_root=True)
..\..\..\AppData\Roaming\Python\Python314\site-packages\sqlalchemy\orm\state_changes.py:137: in _go
    ret_value = fn(self, *arg, **kw)
..\..\..\AppData\Roaming\Python\Python314\site-packages\sqlalchemy\orm\session.py:1311: in commit
    self._prepare_impl()
..\..\..\AppData\Roaming\Python\Python314\site-packages\sqlalchemy\orm\state_changes.py:137: in _go
    ret_value = fn(self, *arg, **kw)
..\..\..\AppData\Roaming\Python\Python314\site-packages\sqlalchemy\orm\session.py:1286: in _prepare_impl
    self.session.flush()
..\..\..\AppData\Roaming\Python\Python314\site-packages\sqlalchemy\orm\session.py:4331: in flush
    self._flush(objects)
..\..\..\AppData\Roaming\Python\Python314\site-packages\sqlalchemy\orm\session.py:4466: in _flush
    with util.safe_reraise():
..\..\..\AppData\Roaming\Python\Python314\site-packages\sqlalchemy\util\langhelpers.py:224: in __exit__
    raise exc_value.with_traceback(exc_tb)
..\..\..\AppData\Roaming\Python\Python314\site-packages\sqlalchemy\orm\session.py:4427: in _flush
    flush_context.execute()
..\..\..\AppData\Roaming\Python\Python314\site-packages\sqlalchemy\orm\unitofwork.py:466: in execute
    rec.execute(self)
..\..\..\AppData\Roaming\Python\Python314\site-packages\sqlalchemy\orm\unitofwork.py:642: in execute
    util.preloaded.orm_persistence.save_obj(
..\..\..\AppData\Roaming\Python\Python314\site-packages\sqlalchemy\orm\persistence.py:93: in save_obj
    _emit_insert_statements(
..\..\..\AppData\Roaming\Python\Python314\site-packages\sqlalchemy\orm\persistence.py:1233: in _emit_insert_statements
    result = connection.execute(
..\..\..\AppData\Roaming\Python\Python314\site-packages\sqlalchemy\engine\base.py:1419: in execute
    return meth(
..\..\..\AppData\Roaming\Python\Python314\site-packages\sqlalchemy\sql\elements.py:526: in _execute_on_connection
    return connection._execute_clauseelement(
..\..\..\AppData\Roaming\Python\Python314\site-packages\sqlalchemy\engine\base.py:1641: in _execute_clauseelement
    ret = self._execute_context(
..\..\..\AppData\Roaming\Python\Python314\site-packages\sqlalchemy\engine\base.py:1821: in _execute_context
    self._handle_dbapi_exception(
..\..\..\AppData\Roaming\Python\Python314\site-packages\sqlalchemy\engine\base.py:2355: in _handle_dbapi_exception
    raise sqlalchemy_exception.with_traceback(exc_info[2]) from e
..\..\..\AppData\Roaming\Python\Python314\site-packages\sqlalchemy\engine\base.py:1815: in _execute_context
    context = constructor(
..\..\..\AppData\Roaming\Python\Python314\site-packages\sqlalchemy\engine\default.py:1493: in _init_compiled
    flattened_processors[key](compiled_params[key])
..\..\..\AppData\Roaming\Python\Python314\site-packages\sqlalchemy\dialects\sqlite\base.py:1287: in process
    raise TypeError(
E   sqlalchemy.exc.StatementError: (builtins.TypeError) SQLite Date type only accepts Python date objects as input.
E   [SQL: INSERT INTO module_registrations (student_id, module_id, status, start_date) VALUES (?, ?, ?, ?)]
E   [parameters: [{'module_id': 'M001', 'status': 'Active', 'student_id': 'S001', 'start_date': '2025-01-10'}]]
_ ERROR at setup of TestWeeklySurveysEndpoint.test_get_surveys_json_structure _
..\..\..\AppData\Roaming\Python\Python314\site-packages\sqlalchemy\engine\base.py:1815: in _execute_context
    context = constructor(
..\..\..\AppData\Roaming\Python\Python314\site-packages\sqlalchemy\engine\default.py:1493: in _init_compiled
    flattened_processors[key](compiled_params[key])
..\..\..\AppData\Roaming\Python\Python314\site-packages\sqlalchemy\dialects\sqlite\base.py:1287: in process
    raise TypeError(
E   TypeError: SQLite Date type only accepts Python date objects as input.

The above exception was the direct cause of the following exception:
tests\conftest.py:75: in sample_survey_data
    db.session.commit()
..\..\..\AppData\Roaming\Python\Python314\site-packages\sqlalchemy\orm\scoping.py:597: in commit
    return self._proxied.commit()
..\..\..\AppData\Roaming\Python\Python314\site-packages\sqlalchemy\orm\session.py:2030: in commit
    trans.commit(_to_root=True)
..\..\..\AppData\Roaming\Python\Python314\site-packages\sqlalchemy\orm\state_changes.py:137: in _go
    ret_value = fn(self, *arg, **kw)
..\..\..\AppData\Roaming\Python\Python314\site-packages\sqlalchemy\orm\session.py:1311: in commit
    self._prepare_impl()
..\..\..\AppData\Roaming\Python\Python314\site-packages\sqlalchemy\orm\state_changes.py:137: in _go
    ret_value = fn(self, *arg, **kw)
..\..\..\AppData\Roaming\Python\Python314\site-packages\sqlalchemy\orm\session.py:1286: in _prepare_impl
    self.session.flush()
..\..\..\AppData\Roaming\Python\Python314\site-packages\sqlalchemy\orm\session.py:4331: in flush
    self._flush(objects)
..\..\..\AppData\Roaming\Python\Python314\site-packages\sqlalchemy\orm\session.py:4466: in _flush
    with util.safe_reraise():
..\..\..\AppData\Roaming\Python\Python314\site-packages\sqlalchemy\util\langhelpers.py:224: in __exit__
    raise exc_value.with_traceback(exc_tb)
..\..\..\AppData\Roaming\Python\Python314\site-packages\sqlalchemy\orm\session.py:4427: in _flush
    flush_context.execute()
..\..\..\AppData\Roaming\Python\Python314\site-packages\sqlalchemy\orm\unitofwork.py:466: in execute
    rec.execute(self)
..\..\..\AppData\Roaming\Python\Python314\site-packages\sqlalchemy\orm\unitofwork.py:642: in execute
    util.preloaded.orm_persistence.save_obj(
..\..\..\AppData\Roaming\Python\Python314\site-packages\sqlalchemy\orm\persistence.py:93: in save_obj
    _emit_insert_statements(
..\..\..\AppData\Roaming\Python\Python314\site-packages\sqlalchemy\orm\persistence.py:1233: in _emit_insert_statements
    result = connection.execute(
..\..\..\AppData\Roaming\Python\Python314\site-packages\sqlalchemy\engine\base.py:1419: in execute
    return meth(
..\..\..\AppData\Roaming\Python\Python314\site-packages\sqlalchemy\sql\elements.py:526: in _execute_on_connection
    return connection._execute_clauseelement(
..\..\..\AppData\Roaming\Python\Python314\site-packages\sqlalchemy\engine\base.py:1641: in _execute_clauseelement
    ret = self._execute_context(
..\..\..\AppData\Roaming\Python\Python314\site-packages\sqlalchemy\engine\base.py:1821: in _execute_context
    self._handle_dbapi_exception(
..\..\..\AppData\Roaming\Python\Python314\site-packages\sqlalchemy\engine\base.py:2355: in _handle_dbapi_exception
    raise sqlalchemy_exception.with_traceback(exc_info[2]) from e
..\..\..\AppData\Roaming\Python\Python314\site-packages\sqlalchemy\engine\base.py:1815: in _execute_context
    context = constructor(
..\..\..\AppData\Roaming\Python\Python314\site-packages\sqlalchemy\engine\default.py:1493: in _init_compiled
    flattened_processors[key](compiled_params[key])
..\..\..\AppData\Roaming\Python\Python314\site-packages\sqlalchemy\dialects\sqlite\base.py:1287: in process
    raise TypeError(
E   sqlalchemy.exc.StatementError: (builtins.TypeError) SQLite Date type only accepts Python date objects as input.
E   [SQL: INSERT INTO module_registrations (student_id, module_id, status, start_date) VALUES (?, ?, ?, ?)]
E   [parameters: [{'module_id': 'M001', 'status': 'Active', 'student_id': 'S001', 'start_date': '2025-01-10'}]]
___ ERROR at setup of TestWeeklySurveysEndpoint.test_get_surveys_data_types ___
..\..\..\AppData\Roaming\Python\Python314\site-packages\sqlalchemy\engine\base.py:1815: in _execute_context
    context = constructor(
..\..\..\AppData\Roaming\Python\Python314\site-packages\sqlalchemy\engine\default.py:1493: in _init_compiled
    flattened_processors[key](compiled_params[key])
..\..\..\AppData\Roaming\Python\Python314\site-packages\sqlalchemy\dialects\sqlite\base.py:1287: in process
    raise TypeError(
E   TypeError: SQLite Date type only accepts Python date objects as input.

The above exception was the direct cause of the following exception:
tests\conftest.py:75: in sample_survey_data
    db.session.commit()
..\..\..\AppData\Roaming\Python\Python314\site-packages\sqlalchemy\orm\scoping.py:597: in commit
    return self._proxied.commit()
..\..\..\AppData\Roaming\Python\Python314\site-packages\sqlalchemy\orm\session.py:2030: in commit
    trans.commit(_to_root=True)
..\..\..\AppData\Roaming\Python\Python314\site-packages\sqlalchemy\orm\state_changes.py:137: in _go
    ret_value = fn(self, *arg, **kw)
..\..\..\AppData\Roaming\Python\Python314\site-packages\sqlalchemy\orm\session.py:1311: in commit
    self._prepare_impl()
..\..\..\AppData\Roaming\Python\Python314\site-packages\sqlalchemy\orm\state_changes.py:137: in _go
    ret_value = fn(self, *arg, **kw)
..\..\..\AppData\Roaming\Python\Python314\site-packages\sqlalchemy\orm\session.py:1286: in _prepare_impl
    self.session.flush()
..\..\..\AppData\Roaming\Python\Python314\site-packages\sqlalchemy\orm\session.py:4331: in flush
    self._flush(objects)
..\..\..\AppData\Roaming\Python\Python314\site-packages\sqlalchemy\orm\session.py:4466: in _flush
    with util.safe_reraise():
..\..\..\AppData\Roaming\Python\Python314\site-packages\sqlalchemy\util\langhelpers.py:224: in __exit__
    raise exc_value.with_traceback(exc_tb)
..\..\..\AppData\Roaming\Python\Python314\site-packages\sqlalchemy\orm\session.py:4427: in _flush
    flush_context.execute()
..\..\..\AppData\Roaming\Python\Python314\site-packages\sqlalchemy\orm\unitofwork.py:466: in execute
    rec.execute(self)
..\..\..\AppData\Roaming\Python\Python314\site-packages\sqlalchemy\orm\unitofwork.py:642: in execute
    util.preloaded.orm_persistence.save_obj(
..\..\..\AppData\Roaming\Python\Python314\site-packages\sqlalchemy\orm\persistence.py:93: in save_obj
    _emit_insert_statements(
..\..\..\AppData\Roaming\Python\Python314\site-packages\sqlalchemy\orm\persistence.py:1233: in _emit_insert_statements
    result = connection.execute(
..\..\..\AppData\Roaming\Python\Python314\site-packages\sqlalchemy\engine\base.py:1419: in execute
    return meth(
..\..\..\AppData\Roaming\Python\Python314\site-packages\sqlalchemy\sql\elements.py:526: in _execute_on_connection
    return connection._execute_clauseelement(
..\..\..\AppData\Roaming\Python\Python314\site-packages\sqlalchemy\engine\base.py:1641: in _execute_clauseelement
    ret = self._execute_context(
..\..\..\AppData\Roaming\Python\Python314\site-packages\sqlalchemy\engine\base.py:1821: in _execute_context
    self._handle_dbapi_exception(
..\..\..\AppData\Roaming\Python\Python314\site-packages\sqlalchemy\engine\base.py:2355: in _handle_dbapi_exception
    raise sqlalchemy_exception.with_traceback(exc_info[2]) from e
..\..\..\AppData\Roaming\Python\Python314\site-packages\sqlalchemy\engine\base.py:1815: in _execute_context
    context = constructor(
..\..\..\AppData\Roaming\Python\Python314\site-packages\sqlalchemy\engine\default.py:1493: in _init_compiled
    flattened_processors[key](compiled_params[key])
..\..\..\AppData\Roaming\Python\Python314\site-packages\sqlalchemy\dialects\sqlite\base.py:1287: in process
    raise TypeError(
E   sqlalchemy.exc.StatementError: (builtins.TypeError) SQLite Date type only accepts Python date objects as input.
E   [SQL: INSERT INTO module_registrations (student_id, module_id, status, start_date) VALUES (?, ?, ?, ?)]
E   [parameters: [{'module_id': 'M001', 'status': 'Active', 'student_id': 'S001', 'start_date': '2025-01-10'}]]
_ ERROR at setup of TestWeeklySurveysEndpoint.test_get_surveys_stress_level_validation _
..\..\..\AppData\Roaming\Python\Python314\site-packages\sqlalchemy\engine\base.py:1815: in _execute_context
    context = constructor(
..\..\..\AppData\Roaming\Python\Python314\site-packages\sqlalchemy\engine\default.py:1493: in _init_compiled
    flattened_processors[key](compiled_params[key])
..\..\..\AppData\Roaming\Python\Python314\site-packages\sqlalchemy\dialects\sqlite\base.py:1287: in process
    raise TypeError(
E   TypeError: SQLite Date type only accepts Python date objects as input.

The above exception was the direct cause of the following exception:
tests\conftest.py:75: in sample_survey_data
    db.session.commit()
..\..\..\AppData\Roaming\Python\Python314\site-packages\sqlalchemy\orm\scoping.py:597: in commit
    return self._proxied.commit()
..\..\..\AppData\Roaming\Python\Python314\site-packages\sqlalchemy\orm\session.py:2030: in commit
    trans.commit(_to_root=True)
..\..\..\AppData\Roaming\Python\Python314\site-packages\sqlalchemy\orm\state_changes.py:137: in _go
    ret_value = fn(self, *arg, **kw)
..\..\..\AppData\Roaming\Python\Python314\site-packages\sqlalchemy\orm\session.py:1311: in commit
    self._prepare_impl()
..\..\..\AppData\Roaming\Python\Python314\site-packages\sqlalchemy\orm\state_changes.py:137: in _go
    ret_value = fn(self, *arg, **kw)
..\..\..\AppData\Roaming\Python\Python314\site-packages\sqlalchemy\orm\session.py:1286: in _prepare_impl
    self.session.flush()
..\..\..\AppData\Roaming\Python\Python314\site-packages\sqlalchemy\orm\session.py:4331: in flush
    self._flush(objects)
..\..\..\AppData\Roaming\Python\Python314\site-packages\sqlalchemy\orm\session.py:4466: in _flush
    with util.safe_reraise():
..\..\..\AppData\Roaming\Python\Python314\site-packages\sqlalchemy\util\langhelpers.py:224: in __exit__
    raise exc_value.with_traceback(exc_tb)
..\..\..\AppData\Roaming\Python\Python314\site-packages\sqlalchemy\orm\session.py:4427: in _flush
    flush_context.execute()
..\..\..\AppData\Roaming\Python\Python314\site-packages\sqlalchemy\orm\unitofwork.py:466: in execute
    rec.execute(self)
..\..\..\AppData\Roaming\Python\Python314\site-packages\sqlalchemy\orm\unitofwork.py:642: in execute
    util.preloaded.orm_persistence.save_obj(
..\..\..\AppData\Roaming\Python\Python314\site-packages\sqlalchemy\orm\persistence.py:93: in save_obj
    _emit_insert_statements(
..\..\..\AppData\Roaming\Python\Python314\site-packages\sqlalchemy\orm\persistence.py:1233: in _emit_insert_statements
    result = connection.execute(
..\..\..\AppData\Roaming\Python\Python314\site-packages\sqlalchemy\engine\base.py:1419: in execute
    return meth(
..\..\..\AppData\Roaming\Python\Python314\site-packages\sqlalchemy\sql\elements.py:526: in _execute_on_connection
    return connection._execute_clauseelement(
..\..\..\AppData\Roaming\Python\Python314\site-packages\sqlalchemy\engine\base.py:1641: in _execute_clauseelement
    ret = self._execute_context(
..\..\..\AppData\Roaming\Python\Python314\site-packages\sqlalchemy\engine\base.py:1821: in _execute_context
    self._handle_dbapi_exception(
..\..\..\AppData\Roaming\Python\Python314\site-packages\sqlalchemy\engine\base.py:2355: in _handle_dbapi_exception
    raise sqlalchemy_exception.with_traceback(exc_info[2]) from e
..\..\..\AppData\Roaming\Python\Python314\site-packages\sqlalchemy\engine\base.py:1815: in _execute_context
    context = constructor(
..\..\..\AppData\Roaming\Python\Python314\site-packages\sqlalchemy\engine\default.py:1493: in _init_compiled
    flattened_processors[key](compiled_params[key])
..\..\..\AppData\Roaming\Python\Python314\site-packages\sqlalchemy\dialects\sqlite\base.py:1287: in process
    raise TypeError(
E   sqlalchemy.exc.StatementError: (builtins.TypeError) SQLite Date type only accepts Python date objects as input.
E   [SQL: INSERT INTO module_registrations (student_id, module_id, status, start_date) VALUES (?, ?, ?, ?)]
E   [parameters: [{'module_id': 'M001', 'status': 'Active', 'student_id': 'S001', 'start_date': '2025-01-10'}]]
_ ERROR at setup of TestWeeklySurveysEndpoint.test_get_surveys_social_score_validation _
..\..\..\AppData\Roaming\Python\Python314\site-packages\sqlalchemy\engine\base.py:1815: in _execute_context
    context = constructor(
..\..\..\AppData\Roaming\Python\Python314\site-packages\sqlalchemy\engine\default.py:1493: in _init_compiled
    flattened_processors[key](compiled_params[key])
..\..\..\AppData\Roaming\Python\Python314\site-packages\sqlalchemy\dialects\sqlite\base.py:1287: in process
    raise TypeError(
E   TypeError: SQLite Date type only accepts Python date objects as input.

The above exception was the direct cause of the following exception:
tests\conftest.py:75: in sample_survey_data
    db.session.commit()
..\..\..\AppData\Roaming\Python\Python314\site-packages\sqlalchemy\orm\scoping.py:597: in commit
    return self._proxied.commit()
..\..\..\AppData\Roaming\Python\Python314\site-packages\sqlalchemy\orm\session.py:2030: in commit
    trans.commit(_to_root=True)
..\..\..\AppData\Roaming\Python\Python314\site-packages\sqlalchemy\orm\state_changes.py:137: in _go
    ret_value = fn(self, *arg, **kw)
..\..\..\AppData\Roaming\Python\Python314\site-packages\sqlalchemy\orm\session.py:1311: in commit
    self._prepare_impl()
..\..\..\AppData\Roaming\Python\Python314\site-packages\sqlalchemy\orm\state_changes.py:137: in _go
    ret_value = fn(self, *arg, **kw)
..\..\..\AppData\Roaming\Python\Python314\site-packages\sqlalchemy\orm\session.py:1286: in _prepare_impl
    self.session.flush()
..\..\..\AppData\Roaming\Python\Python314\site-packages\sqlalchemy\orm\session.py:4331: in flush
    self._flush(objects)
..\..\..\AppData\Roaming\Python\Python314\site-packages\sqlalchemy\orm\session.py:4466: in _flush
    with util.safe_reraise():
..\..\..\AppData\Roaming\Python\Python314\site-packages\sqlalchemy\util\langhelpers.py:224: in __exit__
    raise exc_value.with_traceback(exc_tb)
..\..\..\AppData\Roaming\Python\Python314\site-packages\sqlalchemy\orm\session.py:4427: in _flush
    flush_context.execute()
..\..\..\AppData\Roaming\Python\Python314\site-packages\sqlalchemy\orm\unitofwork.py:466: in execute
    rec.execute(self)
..\..\..\AppData\Roaming\Python\Python314\site-packages\sqlalchemy\orm\unitofwork.py:642: in execute
    util.preloaded.orm_persistence.save_obj(
..\..\..\AppData\Roaming\Python\Python314\site-packages\sqlalchemy\orm\persistence.py:93: in save_obj
    _emit_insert_statements(
..\..\..\AppData\Roaming\Python\Python314\site-packages\sqlalchemy\orm\persistence.py:1233: in _emit_insert_statements
    result = connection.execute(
..\..\..\AppData\Roaming\Python\Python314\site-packages\sqlalchemy\engine\base.py:1419: in execute
    return meth(
..\..\..\AppData\Roaming\Python\Python314\site-packages\sqlalchemy\sql\elements.py:526: in _execute_on_connection
    return connection._execute_clauseelement(
..\..\..\AppData\Roaming\Python\Python314\site-packages\sqlalchemy\engine\base.py:1641: in _execute_clauseelement
    ret = self._execute_context(
..\..\..\AppData\Roaming\Python\Python314\site-packages\sqlalchemy\engine\base.py:1821: in _execute_context
    self._handle_dbapi_exception(
..\..\..\AppData\Roaming\Python\Python314\site-packages\sqlalchemy\engine\base.py:2355: in _handle_dbapi_exception
    raise sqlalchemy_exception.with_traceback(exc_info[2]) from e
..\..\..\AppData\Roaming\Python\Python314\site-packages\sqlalchemy\engine\base.py:1815: in _execute_context
    context = constructor(
..\..\..\AppData\Roaming\Python\Python314\site-packages\sqlalchemy\engine\default.py:1493: in _init_compiled
    flattened_processors[key](compiled_params[key])
..\..\..\AppData\Roaming\Python\Python314\site-packages\sqlalchemy\dialects\sqlite\base.py:1287: in process
    raise TypeError(
E   sqlalchemy.exc.StatementError: (builtins.TypeError) SQLite Date type only accepts Python date objects as input.
E   [SQL: INSERT INTO module_registrations (student_id, module_id, status, start_date) VALUES (?, ?, ?, ?)]
E   [parameters: [{'module_id': 'M001', 'status': 'Active', 'student_id': 'S001', 'start_date': '2025-01-10'}]]
_ ERROR at setup of TestWeeklySurveysEndpoint.test_get_surveys_returns_correct_count _
..\..\..\AppData\Roaming\Python\Python314\site-packages\sqlalchemy\engine\base.py:1815: in _execute_context
    context = constructor(
..\..\..\AppData\Roaming\Python\Python314\site-packages\sqlalchemy\engine\default.py:1493: in _init_compiled
    flattened_processors[key](compiled_params[key])
..\..\..\AppData\Roaming\Python\Python314\site-packages\sqlalchemy\dialects\sqlite\base.py:1287: in process
    raise TypeError(
E   TypeError: SQLite Date type only accepts Python date objects as input.

The above exception was the direct cause of the following exception:
tests\conftest.py:75: in sample_survey_data
    db.session.commit()
..\..\..\AppData\Roaming\Python\Python314\site-packages\sqlalchemy\orm\scoping.py:597: in commit
    return self._proxied.commit()
..\..\..\AppData\Roaming\Python\Python314\site-packages\sqlalchemy\orm\session.py:2030: in commit
    trans.commit(_to_root=True)
..\..\..\AppData\Roaming\Python\Python314\site-packages\sqlalchemy\orm\state_changes.py:137: in _go
    ret_value = fn(self, *arg, **kw)
..\..\..\AppData\Roaming\Python\Python314\site-packages\sqlalchemy\orm\session.py:1311: in commit
    self._prepare_impl()
..\..\..\AppData\Roaming\Python\Python314\site-packages\sqlalchemy\orm\state_changes.py:137: in _go
    ret_value = fn(self, *arg, **kw)
..\..\..\AppData\Roaming\Python\Python314\site-packages\sqlalchemy\orm\session.py:1286: in _prepare_impl
    self.session.flush()
..\..\..\AppData\Roaming\Python\Python314\site-packages\sqlalchemy\orm\session.py:4331: in flush
    self._flush(objects)
..\..\..\AppData\Roaming\Python\Python314\site-packages\sqlalchemy\orm\session.py:4466: in _flush
    with util.safe_reraise():
..\..\..\AppData\Roaming\Python\Python314\site-packages\sqlalchemy\util\langhelpers.py:224: in __exit__
    raise exc_value.with_traceback(exc_tb)
..\..\..\AppData\Roaming\Python\Python314\site-packages\sqlalchemy\orm\session.py:4427: in _flush
    flush_context.execute()
..\..\..\AppData\Roaming\Python\Python314\site-packages\sqlalchemy\orm\unitofwork.py:466: in execute
    rec.execute(self)
..\..\..\AppData\Roaming\Python\Python314\site-packages\sqlalchemy\orm\unitofwork.py:642: in execute
    util.preloaded.orm_persistence.save_obj(
..\..\..\AppData\Roaming\Python\Python314\site-packages\sqlalchemy\orm\persistence.py:93: in save_obj
    _emit_insert_statements(
..\..\..\AppData\Roaming\Python\Python314\site-packages\sqlalchemy\orm\persistence.py:1233: in _emit_insert_statements
    result = connection.execute(
..\..\..\AppData\Roaming\Python\Python314\site-packages\sqlalchemy\engine\base.py:1419: in execute
    return meth(
..\..\..\AppData\Roaming\Python\Python314\site-packages\sqlalchemy\sql\elements.py:526: in _execute_on_connection
    return connection._execute_clauseelement(
..\..\..\AppData\Roaming\Python\Python314\site-packages\sqlalchemy\engine\base.py:1641: in _execute_clauseelement
    ret = self._execute_context(
..\..\..\AppData\Roaming\Python\Python314\site-packages\sqlalchemy\engine\base.py:1821: in _execute_context
    self._handle_dbapi_exception(
..\..\..\AppData\Roaming\Python\Python314\site-packages\sqlalchemy\engine\base.py:2355: in _handle_dbapi_exception
    raise sqlalchemy_exception.with_traceback(exc_info[2]) from e
..\..\..\AppData\Roaming\Python\Python314\site-packages\sqlalchemy\engine\base.py:1815: in _execute_context
    context = constructor(
..\..\..\AppData\Roaming\Python\Python314\site-packages\sqlalchemy\engine\default.py:1493: in _init_compiled
    flattened_processors[key](compiled_params[key])
..\..\..\AppData\Roaming\Python\Python314\site-packages\sqlalchemy\dialects\sqlite\base.py:1287: in process
    raise TypeError(
E   sqlalchemy.exc.StatementError: (builtins.TypeError) SQLite Date type only accepts Python date objects as input.
E   [SQL: INSERT INTO module_registrations (student_id, module_id, status, start_date) VALUES (?, ?, ?, ?)]
E   [parameters: [{'module_id': 'M001', 'status': 'Active', 'student_id': 'S001', 'start_date': '2025-01-10'}]]
_ ERROR at setup of TestSurveyDataIntegrity.test_survey_has_valid_registration_id _
..\..\..\AppData\Roaming\Python\Python314\site-packages\sqlalchemy\engine\base.py:1815: in _execute_context
    context = constructor(
..\..\..\AppData\Roaming\Python\Python314\site-packages\sqlalchemy\engine\default.py:1493: in _init_compiled
    flattened_processors[key](compiled_params[key])
..\..\..\AppData\Roaming\Python\Python314\site-packages\sqlalchemy\dialects\sqlite\base.py:1287: in process
    raise TypeError(
E   TypeError: SQLite Date type only accepts Python date objects as input.

The above exception was the direct cause of the following exception:
tests\conftest.py:75: in sample_survey_data
    db.session.commit()
..\..\..\AppData\Roaming\Python\Python314\site-packages\sqlalchemy\orm\scoping.py:597: in commit
    return self._proxied.commit()
..\..\..\AppData\Roaming\Python\Python314\site-packages\sqlalchemy\orm\session.py:2030: in commit
    trans.commit(_to_root=True)
..\..\..\AppData\Roaming\Python\Python314\site-packages\sqlalchemy\orm\state_changes.py:137: in _go
    ret_value = fn(self, *arg, **kw)
..\..\..\AppData\Roaming\Python\Python314\site-packages\sqlalchemy\orm\session.py:1311: in commit
    self._prepare_impl()
..\..\..\AppData\Roaming\Python\Python314\site-packages\sqlalchemy\orm\state_changes.py:137: in _go
    ret_value = fn(self, *arg, **kw)
..\..\..\AppData\Roaming\Python\Python314\site-packages\sqlalchemy\orm\session.py:1286: in _prepare_impl
    self.session.flush()
..\..\..\AppData\Roaming\Python\Python314\site-packages\sqlalchemy\orm\session.py:4331: in flush
    self._flush(objects)
..\..\..\AppData\Roaming\Python\Python314\site-packages\sqlalchemy\orm\session.py:4466: in _flush
    with util.safe_reraise():
..\..\..\AppData\Roaming\Python\Python314\site-packages\sqlalchemy\util\langhelpers.py:224: in __exit__
    raise exc_value.with_traceback(exc_tb)
..\..\..\AppData\Roaming\Python\Python314\site-packages\sqlalchemy\orm\session.py:4427: in _flush
    flush_context.execute()
..\..\..\AppData\Roaming\Python\Python314\site-packages\sqlalchemy\orm\unitofwork.py:466: in execute
    rec.execute(self)
..\..\..\AppData\Roaming\Python\Python314\site-packages\sqlalchemy\orm\unitofwork.py:642: in execute
    util.preloaded.orm_persistence.save_obj(
..\..\..\AppData\Roaming\Python\Python314\site-packages\sqlalchemy\orm\persistence.py:93: in save_obj
    _emit_insert_statements(
..\..\..\AppData\Roaming\Python\Python314\site-packages\sqlalchemy\orm\persistence.py:1233: in _emit_insert_statements
    result = connection.execute(
..\..\..\AppData\Roaming\Python\Python314\site-packages\sqlalchemy\engine\base.py:1419: in execute
    return meth(
..\..\..\AppData\Roaming\Python\Python314\site-packages\sqlalchemy\sql\elements.py:526: in _execute_on_connection
    return connection._execute_clauseelement(
..\..\..\AppData\Roaming\Python\Python314\site-packages\sqlalchemy\engine\base.py:1641: in _execute_clauseelement
    ret = self._execute_context(
..\..\..\AppData\Roaming\Python\Python314\site-packages\sqlalchemy\engine\base.py:1821: in _execute_context
    self._handle_dbapi_exception(
..\..\..\AppData\Roaming\Python\Python314\site-packages\sqlalchemy\engine\base.py:2355: in _handle_dbapi_exception
    raise sqlalchemy_exception.with_traceback(exc_info[2]) from e
..\..\..\AppData\Roaming\Python\Python314\site-packages\sqlalchemy\engine\base.py:1815: in _execute_context
    context = constructor(
..\..\..\AppData\Roaming\Python\Python314\site-packages\sqlalchemy\engine\default.py:1493: in _init_compiled
    flattened_processors[key](compiled_params[key])
..\..\..\AppData\Roaming\Python\Python314\site-packages\sqlalchemy\dialects\sqlite\base.py:1287: in process
    raise TypeError(
E   sqlalchemy.exc.StatementError: (builtins.TypeError) SQLite Date type only accepts Python date objects as input.
E   [SQL: INSERT INTO module_registrations (student_id, module_id, status, start_date) VALUES (?, ?, ?, ?)]
E   [parameters: [{'module_id': 'M001', 'status': 'Active', 'student_id': 'S001', 'start_date': '2025-01-10'}]]
_ ERROR at setup of TestSurveyDataIntegrity.test_survey_week_number_positive __
..\..\..\AppData\Roaming\Python\Python314\site-packages\sqlalchemy\engine\base.py:1815: in _execute_context
    context = constructor(
..\..\..\AppData\Roaming\Python\Python314\site-packages\sqlalchemy\engine\default.py:1493: in _init_compiled
    flattened_processors[key](compiled_params[key])
..\..\..\AppData\Roaming\Python\Python314\site-packages\sqlalchemy\dialects\sqlite\base.py:1287: in process
    raise TypeError(
E   TypeError: SQLite Date type only accepts Python date objects as input.

The above exception was the direct cause of the following exception:
tests\conftest.py:75: in sample_survey_data
    db.session.commit()
..\..\..\AppData\Roaming\Python\Python314\site-packages\sqlalchemy\orm\scoping.py:597: in commit
    return self._proxied.commit()
..\..\..\AppData\Roaming\Python\Python314\site-packages\sqlalchemy\orm\session.py:2030: in commit
    trans.commit(_to_root=True)
..\..\..\AppData\Roaming\Python\Python314\site-packages\sqlalchemy\orm\state_changes.py:137: in _go
    ret_value = fn(self, *arg, **kw)
..\..\..\AppData\Roaming\Python\Python314\site-packages\sqlalchemy\orm\session.py:1311: in commit
    self._prepare_impl()
..\..\..\AppData\Roaming\Python\Python314\site-packages\sqlalchemy\orm\state_changes.py:137: in _go
    ret_value = fn(self, *arg, **kw)
..\..\..\AppData\Roaming\Python\Python314\site-packages\sqlalchemy\orm\session.py:1286: in _prepare_impl
    self.session.flush()
..\..\..\AppData\Roaming\Python\Python314\site-packages\sqlalchemy\orm\session.py:4331: in flush
    self._flush(objects)
..\..\..\AppData\Roaming\Python\Python314\site-packages\sqlalchemy\orm\session.py:4466: in _flush
    with util.safe_reraise():
..\..\..\AppData\Roaming\Python\Python314\site-packages\sqlalchemy\util\langhelpers.py:224: in __exit__
    raise exc_value.with_traceback(exc_tb)
..\..\..\AppData\Roaming\Python\Python314\site-packages\sqlalchemy\orm\session.py:4427: in _flush
    flush_context.execute()
..\..\..\AppData\Roaming\Python\Python314\site-packages\sqlalchemy\orm\unitofwork.py:466: in execute
    rec.execute(self)
..\..\..\AppData\Roaming\Python\Python314\site-packages\sqlalchemy\orm\unitofwork.py:642: in execute
    util.preloaded.orm_persistence.save_obj(
..\..\..\AppData\Roaming\Python\Python314\site-packages\sqlalchemy\orm\persistence.py:93: in save_obj
    _emit_insert_statements(
..\..\..\AppData\Roaming\Python\Python314\site-packages\sqlalchemy\orm\persistence.py:1233: in _emit_insert_statements
    result = connection.execute(
..\..\..\AppData\Roaming\Python\Python314\site-packages\sqlalchemy\engine\base.py:1419: in execute
    return meth(
..\..\..\AppData\Roaming\Python\Python314\site-packages\sqlalchemy\sql\elements.py:526: in _execute_on_connection
    return connection._execute_clauseelement(
..\..\..\AppData\Roaming\Python\Python314\site-packages\sqlalchemy\engine\base.py:1641: in _execute_clauseelement
    ret = self._execute_context(
..\..\..\AppData\Roaming\Python\Python314\site-packages\sqlalchemy\engine\base.py:1821: in _execute_context
    self._handle_dbapi_exception(
..\..\..\AppData\Roaming\Python\Python314\site-packages\sqlalchemy\engine\base.py:2355: in _handle_dbapi_exception
    raise sqlalchemy_exception.with_traceback(exc_info[2]) from e
..\..\..\AppData\Roaming\Python\Python314\site-packages\sqlalchemy\engine\base.py:1815: in _execute_context
    context = constructor(
..\..\..\AppData\Roaming\Python\Python314\site-packages\sqlalchemy\engine\default.py:1493: in _init_compiled
    flattened_processors[key](compiled_params[key])
..\..\..\AppData\Roaming\Python\Python314\site-packages\sqlalchemy\dialects\sqlite\base.py:1287: in process
    raise TypeError(
E   sqlalchemy.exc.StatementError: (builtins.TypeError) SQLite Date type only accepts Python date objects as input.
E   [SQL: INSERT INTO module_registrations (student_id, module_id, status, start_date) VALUES (?, ?, ?, ?)]
E   [parameters: [{'module_id': 'M001', 'status': 'Active', 'student_id': 'S001', 'start_date': '2025-01-10'}]]
_ ERROR at setup of TestSurveyDataIntegrity.test_survey_sleep_hours_reasonable _
..\..\..\AppData\Roaming\Python\Python314\site-packages\sqlalchemy\engine\base.py:1815: in _execute_context
    context = constructor(
..\..\..\AppData\Roaming\Python\Python314\site-packages\sqlalchemy\engine\default.py:1493: in _init_compiled
    flattened_processors[key](compiled_params[key])
..\..\..\AppData\Roaming\Python\Python314\site-packages\sqlalchemy\dialects\sqlite\base.py:1287: in process
    raise TypeError(
E   TypeError: SQLite Date type only accepts Python date objects as input.

The above exception was the direct cause of the following exception:
tests\conftest.py:75: in sample_survey_data
    db.session.commit()
..\..\..\AppData\Roaming\Python\Python314\site-packages\sqlalchemy\orm\scoping.py:597: in commit
    return self._proxied.commit()
..\..\..\AppData\Roaming\Python\Python314\site-packages\sqlalchemy\orm\session.py:2030: in commit
    trans.commit(_to_root=True)
..\..\..\AppData\Roaming\Python\Python314\site-packages\sqlalchemy\orm\state_changes.py:137: in _go
    ret_value = fn(self, *arg, **kw)
..\..\..\AppData\Roaming\Python\Python314\site-packages\sqlalchemy\orm\session.py:1311: in commit
    self._prepare_impl()
..\..\..\AppData\Roaming\Python\Python314\site-packages\sqlalchemy\orm\state_changes.py:137: in _go
    ret_value = fn(self, *arg, **kw)
..\..\..\AppData\Roaming\Python\Python314\site-packages\sqlalchemy\orm\session.py:1286: in _prepare_impl
    self.session.flush()
..\..\..\AppData\Roaming\Python\Python314\site-packages\sqlalchemy\orm\session.py:4331: in flush
    self._flush(objects)
..\..\..\AppData\Roaming\Python\Python314\site-packages\sqlalchemy\orm\session.py:4466: in _flush
    with util.safe_reraise():
..\..\..\AppData\Roaming\Python\Python314\site-packages\sqlalchemy\util\langhelpers.py:224: in __exit__
    raise exc_value.with_traceback(exc_tb)
..\..\..\AppData\Roaming\Python\Python314\site-packages\sqlalchemy\orm\session.py:4427: in _flush
    flush_context.execute()
..\..\..\AppData\Roaming\Python\Python314\site-packages\sqlalchemy\orm\unitofwork.py:466: in execute
    rec.execute(self)
..\..\..\AppData\Roaming\Python\Python314\site-packages\sqlalchemy\orm\unitofwork.py:642: in execute
    util.preloaded.orm_persistence.save_obj(
..\..\..\AppData\Roaming\Python\Python314\site-packages\sqlalchemy\orm\persistence.py:93: in save_obj
    _emit_insert_statements(
..\..\..\AppData\Roaming\Python\Python314\site-packages\sqlalchemy\orm\persistence.py:1233: in _emit_insert_statements
    result = connection.execute(
..\..\..\AppData\Roaming\Python\Python314\site-packages\sqlalchemy\engine\base.py:1419: in execute
    return meth(
..\..\..\AppData\Roaming\Python\Python314\site-packages\sqlalchemy\sql\elements.py:526: in _execute_on_connection
    return connection._execute_clauseelement(
..\..\..\AppData\Roaming\Python\Python314\site-packages\sqlalchemy\engine\base.py:1641: in _execute_clauseelement
    ret = self._execute_context(
..\..\..\AppData\Roaming\Python\Python314\site-packages\sqlalchemy\engine\base.py:1821: in _execute_context
    self._handle_dbapi_exception(
..\..\..\AppData\Roaming\Python\Python314\site-packages\sqlalchemy\engine\base.py:2355: in _handle_dbapi_exception
    raise sqlalchemy_exception.with_traceback(exc_info[2]) from e
..\..\..\AppData\Roaming\Python\Python314\site-packages\sqlalchemy\engine\base.py:1815: in _execute_context
    context = constructor(
..\..\..\AppData\Roaming\Python\Python314\site-packages\sqlalchemy\engine\default.py:1493: in _init_compiled
    flattened_processors[key](compiled_params[key])
..\..\..\AppData\Roaming\Python\Python314\site-packages\sqlalchemy\dialects\sqlite\base.py:1287: in process
    raise TypeError(
E   sqlalchemy.exc.StatementError: (builtins.TypeError) SQLite Date type only accepts Python date objects as input.
E   [SQL: INSERT INTO module_registrations (student_id, module_id, status, start_date) VALUES (?, ?, ?, ?)]
E   [parameters: [{'module_id': 'M001', 'status': 'Active', 'student_id': 'S001', 'start_date': '2025-01-10'}]]
================================== FAILURES ===================================
_____________ TestCreateAssignment.test_create_assignment_success _____________
tests\test_assignments.py:39: in test_create_assignment_success
    assert response.status_code == 201
E   assert 404 == 201
E    +  where 404 = <WrapperTestResponse streamed [404 NOT FOUND]>.status_code
_________ TestCreateAssignment.test_create_assignment_missing_fields __________
tests\test_assignments.py:60: in test_create_assignment_missing_fields
    assert response.status_code == 400
E   assert 404 == 400
E    +  where 404 = <WrapperTestResponse streamed [404 NOT FOUND]>.status_code
============================== warnings summary ===============================
..\..\..\AppData\Roaming\Python\Python314\site-packages\marshmallow_sqlalchemy\convert.py:16
  C:\Users\sanat\AppData\Roaming\Python\Python314\site-packages\marshmallow_sqlalchemy\convert.py:16: DeprecationWarning: The '__version__' attribute is deprecated and will be removed in in a future version. Use feature detection or 'importlib.metadata.version("marshmallow")' instead.
    _META_KWARGS_DEPRECATED = Version(ma.__version__) >= Version("3.10.0")

..\..\..\AppData\Roaming\Python\Python314\site-packages\marshmallow\schema.py:129
..\..\..\AppData\Roaming\Python\Python314\site-packages\marshmallow\schema.py:129
..\..\..\AppData\Roaming\Python\Python314\site-packages\marshmallow\schema.py:129
..\..\..\AppData\Roaming\Python\Python314\site-packages\marshmallow\schema.py:129
..\..\..\AppData\Roaming\Python\Python314\site-packages\marshmallow\schema.py:129
..\..\..\AppData\Roaming\Python\Python314\site-packages\marshmallow\schema.py:129
  C:\Users\sanat\AppData\Roaming\Python\Python314\site-packages\marshmallow\schema.py:129: RemovedInMarshmallow4Warning: The `ordered` `class Meta` option is deprecated. Field order is already preserved by default. Set `Schema.dict_class` to OrderedDict to maintain the previous behavior.
    klass.opts = klass.OPTIONS_CLASS(meta, ordered=ordered)

..\..\..\AppData\Roaming\Python\Python314\site-packages\_pytest\config\__init__.py:1373
  C:\Users\sanat\AppData\Roaming\Python\Python314\site-packages\_pytest\config\__init__.py:1373: PytestConfigWarning: Unknown config option: asyncio_mode
  
    self._warn_or_fail_if_strict(f"Unknown config option: {key}\n")

tests/test_assignments.py::TestCreateAssignment::test_create_assignment_success
tests/test_assignments.py::TestCreateAssignment::test_create_assignment_missing_fields
tests/test_assignments.py::TestCreateAssignment::test_create_assignment_invalid_module
  C:\Users\sanat\Documents\PAI\uni-wellbeing-api\app\routes\assignments.py:31: LegacyAPIWarning: The Query.get() method is considered legacy as of the 1.x series of SQLAlchemy and becomes a legacy construct in 2.0. The method is now available as Session.get() (deprecated since: 2.0) (Background on SQLAlchemy 2.0 at: https://sqlalche.me/e/b8d9)
    module = Module.query.get(assignment_data.get('module_id'))

tests/test_assignments.py::TestUpdateAssignment::test_update_assignment_not_found
  C:\Users\sanat\Documents\PAI\uni-wellbeing-api\app\routes\assignments.py:81: LegacyAPIWarning: The Query.get() method is considered legacy as of the 1.x series of SQLAlchemy and becomes a legacy construct in 2.0. The method is now available as Session.get() (deprecated since: 2.0) (Background on SQLAlchemy 2.0 at: https://sqlalche.me/e/b8d9)
    assignment = Assignment.query.get(assignment_id)

tests/test_assignments.py::TestDeleteAssignment::test_delete_assignment_not_found
  C:\Users\sanat\Documents\PAI\uni-wellbeing-api\app\routes\assignments.py:123: LegacyAPIWarning: The Query.get() method is considered legacy as of the 1.x series of SQLAlchemy and becomes a legacy construct in 2.0. The method is now available as Session.get() (deprecated since: 2.0) (Background on SQLAlchemy 2.0 at: https://sqlalche.me/e/b8d9)
    assignment = Assignment.query.get(assignment_id)

-- Docs: https://docs.pytest.org/en/stable/how-to/capture-warnings.html
=========================== short test summary info ===========================
FAILED tests/test_assignments.py::TestCreateAssignment::test_create_assignment_success
FAILED tests/test_assignments.py::TestCreateAssignment::test_create_assignment_missing_fields
ERROR tests/test_assignments.py::TestUpdateAssignment::test_update_assignment_success
ERROR tests/test_assignments.py::TestDeleteAssignment::test_delete_assignment_success
ERROR tests/test_assignments.py::TestDeleteAssignment::test_delete_assignment_verify_deletion
ERROR tests/test_courses.py::TestCoursesEndpoint::test_get_all_courses_success
ERROR tests/test_courses.py::TestCoursesEndpoint::test_get_courses_json_structure
ERROR tests/test_courses.py::TestCoursesEndpoint::test_get_courses_data_types
ERROR tests/test_courses.py::TestCourseModulesEndpoint::test_get_course_modules_success
ERROR tests/test_courses.py::TestCourseModulesEndpoint::test_get_course_modules_json_structure
ERROR tests/test_courses.py::TestCourseModulesEndpoint::test_get_course_modules_filters_by_course
ERROR tests/test_courses.py::TestModuleAssignmentsEndpoint::test_get_module_assignments_success
ERROR tests/test_courses.py::TestModuleAssignmentsEndpoint::test_get_module_assignments_json_structure
ERROR tests/test_courses.py::TestModuleAssignmentsEndpoint::test_get_module_assignments_data_types
ERROR tests/test_courses.py::TestModuleAssignmentsEndpoint::test_get_module_assignments_filters_by_module
ERROR tests/test_surveys.py::TestWeeklySurveysEndpoint::test_get_all_surveys_success
ERROR tests/test_surveys.py::TestWeeklySurveysEndpoint::test_get_surveys_json_structure
ERROR tests/test_surveys.py::TestWeeklySurveysEndpoint::test_get_surveys_data_types
ERROR tests/test_surveys.py::TestWeeklySurveysEndpoint::test_get_surveys_stress_level_validation
ERROR tests/test_surveys.py::TestWeeklySurveysEndpoint::test_get_surveys_social_score_validation
ERROR tests/test_surveys.py::TestWeeklySurveysEndpoint::test_get_surveys_returns_correct_count
ERROR tests/test_surveys.py::TestSurveyDataIntegrity::test_survey_has_valid_registration_id
ERROR tests/test_surveys.py::TestSurveyDataIntegrity::test_survey_week_number_positive
ERROR tests/test_surveys.py::TestSurveyDataIntegrity::test_survey_sleep_hours_reasonable
============= 2 failed, 9 passed, 13 warnings, 22 errors in 6.54s =============
